Component: ARM Compiler 5.06 update 6 (build 750) Tool: armlink [4d35ed]

==============================================================================

Section Cross References

    startup_stm32f407xx.o(RESET) refers to startup_stm32f407xx.o(STACK) for __initial_sp
    startup_stm32f407xx.o(RESET) refers to startup_stm32f407xx.o(.text) for Reset_Handler
    startup_stm32f407xx.o(RESET) refers to stm32f4xx_it.o(i.NMI_Handler) for NMI_Handler
    startup_stm32f407xx.o(RESET) refers to stm32f4xx_it.o(i.HardFault_Handler) for HardFault_Handler
    startup_stm32f407xx.o(RESET) refers to stm32f4xx_it.o(i.MemManage_Handler) for MemManage_Handler
    startup_stm32f407xx.o(RESET) refers to stm32f4xx_it.o(i.BusFault_Handler) for BusFault_Handler
    startup_stm32f407xx.o(RESET) refers to stm32f4xx_it.o(i.UsageFault_Handler) for UsageFault_Handler
    startup_stm32f407xx.o(RESET) refers to port.o(.emb_text) for SVC_Handler
    startup_stm32f407xx.o(RESET) refers to stm32f4xx_it.o(i.DebugMon_Handler) for DebugMon_Handler
    startup_stm32f407xx.o(RESET) refers to stm32f4xx_it.o(i.SysTick_Handler) for SysTick_Handler
    startup_stm32f407xx.o(RESET) refers to stm32f4xx_it.o(i.OTG_FS_IRQHandler) for OTG_FS_IRQHandler
    startup_stm32f407xx.o(.text) refers to system_stm32f4xx.o(i.SystemInit) for SystemInit
    startup_stm32f407xx.o(.text) refers to entry.o(.ARM.Collect$$$$00000000) for __main
    system_stm32f4xx.o(i.SystemCoreClockUpdate) refers to system_stm32f4xx.o(.data) for SystemCoreClock
    system_stm32f4xx.o(i.SystemCoreClockUpdate) refers to system_stm32f4xx.o(.constdata) for AHBPrescTable
    stm32f4xx_hal.o(i.HAL_DeInit) refers to stm32f4xx_hal_msp_template.o(i.HAL_MspDeInit) for HAL_MspDeInit
    stm32f4xx_hal.o(i.HAL_Delay) refers to stm32f4xx_hal.o(i.HAL_GetTick) for HAL_GetTick
    stm32f4xx_hal.o(i.HAL_Delay) refers to stm32f4xx_hal.o(.data) for uwTickFreq
    stm32f4xx_hal.o(i.HAL_GetTick) refers to stm32f4xx_hal.o(.data) for uwTick
    stm32f4xx_hal.o(i.HAL_GetTickFreq) refers to stm32f4xx_hal.o(.data) for uwTickFreq
    stm32f4xx_hal.o(i.HAL_GetTickPrio) refers to stm32f4xx_hal.o(.data) for uwTickPrio
    stm32f4xx_hal.o(i.HAL_IncTick) refers to stm32f4xx_hal.o(.data) for uwTick
    stm32f4xx_hal.o(i.HAL_Init) refers to stm32f4xx_hal_cortex.o(i.HAL_NVIC_SetPriorityGrouping) for HAL_NVIC_SetPriorityGrouping
    stm32f4xx_hal.o(i.HAL_Init) refers to stm32f4xx_hal.o(i.HAL_InitTick) for HAL_InitTick
    stm32f4xx_hal.o(i.HAL_Init) refers to stm32f4xx_hal_msp_template.o(i.HAL_MspInit) for HAL_MspInit
    stm32f4xx_hal.o(i.HAL_InitTick) refers to stm32f4xx_hal_cortex.o(i.HAL_SYSTICK_Config) for HAL_SYSTICK_Config
    stm32f4xx_hal.o(i.HAL_InitTick) refers to stm32f4xx_hal_cortex.o(i.HAL_NVIC_SetPriority) for HAL_NVIC_SetPriority
    stm32f4xx_hal.o(i.HAL_InitTick) refers to stm32f4xx_hal.o(.data) for uwTickFreq
    stm32f4xx_hal.o(i.HAL_InitTick) refers to system_stm32f4xx.o(.data) for SystemCoreClock
    stm32f4xx_hal.o(i.HAL_SetTickFreq) refers to stm32f4xx_hal.o(i.HAL_InitTick) for HAL_InitTick
    stm32f4xx_hal.o(i.HAL_SetTickFreq) refers to stm32f4xx_hal.o(.data) for uwTickFreq
    stm32f4xx_hal_adc.o(i.ADC_DMAConvCplt) refers to stm32f4xx_hal_adc.o(i.HAL_ADC_ConvCpltCallback) for HAL_ADC_ConvCpltCallback
    stm32f4xx_hal_adc.o(i.ADC_DMAConvCplt) refers to stm32f4xx_hal_adc.o(i.HAL_ADC_ErrorCallback) for HAL_ADC_ErrorCallback
    stm32f4xx_hal_adc.o(i.ADC_DMAError) refers to stm32f4xx_hal_adc.o(i.HAL_ADC_ErrorCallback) for HAL_ADC_ErrorCallback
    stm32f4xx_hal_adc.o(i.ADC_DMAHalfConvCplt) refers to stm32f4xx_hal_adc.o(i.HAL_ADC_ConvHalfCpltCallback) for HAL_ADC_ConvHalfCpltCallback
    stm32f4xx_hal_adc.o(i.HAL_ADC_ConfigChannel) refers to system_stm32f4xx.o(.data) for SystemCoreClock
    stm32f4xx_hal_adc.o(i.HAL_ADC_DeInit) refers to stm32f4xx_hal_adc.o(i.HAL_ADC_MspDeInit) for HAL_ADC_MspDeInit
    stm32f4xx_hal_adc.o(i.HAL_ADC_IRQHandler) refers to stm32f4xx_hal_adc.o(i.HAL_ADC_ConvCpltCallback) for HAL_ADC_ConvCpltCallback
    stm32f4xx_hal_adc.o(i.HAL_ADC_IRQHandler) refers to stm32f4xx_hal_adc_ex.o(i.HAL_ADCEx_InjectedConvCpltCallback) for HAL_ADCEx_InjectedConvCpltCallback
    stm32f4xx_hal_adc.o(i.HAL_ADC_IRQHandler) refers to stm32f4xx_hal_adc.o(i.HAL_ADC_LevelOutOfWindowCallback) for HAL_ADC_LevelOutOfWindowCallback
    stm32f4xx_hal_adc.o(i.HAL_ADC_IRQHandler) refers to stm32f4xx_hal_adc.o(i.HAL_ADC_ErrorCallback) for HAL_ADC_ErrorCallback
    stm32f4xx_hal_adc.o(i.HAL_ADC_Init) refers to stm32f4xx_hal_adc.o(i.HAL_ADC_MspInit) for HAL_ADC_MspInit
    stm32f4xx_hal_adc.o(i.HAL_ADC_Init) refers to stm32f4xx_hal_adc.o(i.ADC_Init) for ADC_Init
    stm32f4xx_hal_adc.o(i.HAL_ADC_PollForConversion) refers to stm32f4xx_hal.o(i.HAL_GetTick) for HAL_GetTick
    stm32f4xx_hal_adc.o(i.HAL_ADC_PollForEvent) refers to stm32f4xx_hal.o(i.HAL_GetTick) for HAL_GetTick
    stm32f4xx_hal_adc.o(i.HAL_ADC_Start) refers to system_stm32f4xx.o(.data) for SystemCoreClock
[...]
    prvDeleteTCB                             0x0800614d   Thumb Code    18  tasks.o(i.prvDeleteTCB)
    i.prvHeapInit                            0x08006160   Section        0  heap_4.o(i.prvHeapInit)
    prvHeapInit                              0x08006161   Thumb Code    98  heap_4.o(i.prvHeapInit)
    i.prvIdleTask                            0x080061dc   Section        0  tasks.o(i.prvIdleTask)
    prvIdleTask                              0x080061dd   Thumb Code    32  tasks.o(i.prvIdleTask)
    i.prvInitialiseNewTask                   0x08006204   Section        0  tasks.o(i.prvInitialiseNewTask)
    prvInitialiseNewTask                     0x08006205   Thumb Code   154  tasks.o(i.prvInitialiseNewTask)
    i.prvInitialiseTaskLists                 0x080062c8   Section        0  tasks.o(i.prvInitialiseTaskLists)
    prvInitialiseTaskLists                   0x080062c9   Thumb Code    70  tasks.o(i.prvInitialiseTaskLists)
    i.prvInsertBlockIntoFreeList             0x08006330   Section        0  heap_4.o(i.prvInsertBlockIntoFreeList)
    prvInsertBlockIntoFreeList               0x08006331   Thumb Code    96  heap_4.o(i.prvInsertBlockIntoFreeList)
    i.prvResetNextTaskUnblockTime            0x08006398   Section        0  tasks.o(i.prvResetNextTaskUnblockTime)
    prvResetNextTaskUnblockTime              0x08006399   Thumb Code    42  tasks.o(i.prvResetNextTaskUnblockTime)
    i.prvTaskExitError                       0x080063cc   Section        0  port.o(i.prvTaskExitError)
    prvTaskExitError                         0x080063cd   Thumb Code    50  port.o(i.prvTaskExitError)
    i.prvTaskIsTaskSuspended                 0x0800643c   Section        0  tasks.o(i.prvTaskIsTaskSuspended)
    prvTaskIsTaskSuspended                   0x0800643d   Thumb Code    72  tasks.o(i.prvTaskIsTaskSuspended)
    i.pvPortMalloc                           0x080064b4   Section        0  heap_4.o(i.pvPortMalloc)
    i.pxPortInitialiseStack                  0x08006604   Section        0  port.o(i.pxPortInitialiseStack)
    i.uxListRemove                           0x08006630   Section        0  list.o(i.uxListRemove)
    i.vListInitialise                        0x08006658   Section        0  list.o(i.vListInitialise)
    i.vListInitialiseItem                    0x08006672   Section        0  list.o(i.vListInitialiseItem)
    i.vListInsert                            0x08006678   Section        0  list.o(i.vListInsert)
    i.vListInsertEnd                         0x080066ac   Section        0  list.o(i.vListInsertEnd)
    i.vPortEnterCritical                     0x080066c4   Section        0  port.o(i.vPortEnterCritical)
    i.vPortExitCritical                      0x08006748   Section        0  port.o(i.vPortExitCritical)
    i.vPortFree                              0x080067b4   Section        0  heap_4.o(i.vPortFree)
    i.vPortSetupTimerInterrupt               0x08006868   Section        0  port.o(i.vPortSetupTimerInterrupt)
    i.vTaskDelay                             0x08006888   Section        0  tasks.o(i.vTaskDelay)
    i.vTaskDelete                            0x08006900   Section        0  tasks.o(i.vTaskDelete)
    i.vTaskResume                            0x08006a10   Section        0  tasks.o(i.vTaskResume)
    i.vTaskStartScheduler                    0x08006ac0   Section        0  tasks.o(i.vTaskStartScheduler)
    i.vTaskSuspend                           0x08006b68   Section        0  tasks.o(i.vTaskSuspend)
    i.vTaskSuspendAll                        0x08006c6c   Section        0  tasks.o(i.vTaskSuspendAll)
    i.vTaskSwitchContext                     0x08006c7c   Section        0  tasks.o(i.vTaskSwitchContext)
    i.xPortStartScheduler                    0x08006d28   Section        0  port.o(i.xPortStartScheduler)
    i.xPortSysTickHandler                    0x08006e80   Section        0  port.o(i.xPortSysTickHandler)
    i.xTaskCreate                            0x08006eb4   Section        0  tasks.o(i.xTaskCreate)
    i.xTaskGetSchedulerState                 0x08006f14   Section        0  tasks.o(i.xTaskGetSchedulerState)
    i.xTaskIncrementTick                     0x08006f34   Section        0  tasks.o(i.xTaskIncrementTick)
    i.xTaskResumeAll                         0x08007098   Section        0  tasks.o(i.xTaskResumeAll)
    .constdata                               0x080071bc   Section       24  system_stm32f4xx.o(.constdata)
    .constdata                               0x080071d4   Section       14  board_init.o(.constdata)
    __func__                                 0x080071d4   Data          14  board_init.o(.constdata)
    .constdata                               0x080071e2   Section       23  usbd_msc_data.o(.constdata)
    .constdata                               0x080071f9   Section       36  usbd_storage_if.o(.constdata)
    .conststring                             0x08007220   Section       70  main.o(.conststring)
    .data                                    0x20000000   Section        4  system_stm32f4xx.o(.data)
    .data                                    0x20000004   Section        9  stm32f4xx_hal.o(.data)
    .data                                    0x20000010   Section       12  main.o(.data)
    AppTaskCreate_Handle                     0x20000010   Data           4  main.o(.data)
    LED_Task_Handle                          0x20000014   Data           4  main.o(.data)
    KEY_Task_Handle                          0x20000018   Data           4  main.o(.data)
    .data                                    0x2000001c   Section        4  bsp_spi_flash.o(.data)
    SPITimeout                               0x2000001c   Data           4  bsp_spi_flash.o(.data)
    .data                                    0x20000020   Section       60  tasks.o(.data)
    pxDelayedTaskList                        0x20000024   Data           4  tasks.o(.data)
    pxOverflowDelayedTaskList                0x20000028   Data           4  tasks.o(.data)
    uxDeletedTasksWaitingCleanUp             0x2000002c   Data           4  tasks.o(.data)
    uxCurrentNumberOfTasks                   0x20000030   Data           4  tasks.o(.data)
    xTickCount                               0x20000034   Data           4  tasks.o(.data)
    uxTopReadyPriority                       0x20000038   Data           4  tasks.o(.data)
    xSchedulerRunning                        0x2000003c   Data           4  tasks.o(.data)
    uxPendedTicks                            0x20000040   Data           4  tasks.o(.data)
    xYieldPending                            0x20000044   Data           4  tasks.o(.data)
    xNumOfOverflows                          0x20000048   Data           4  tasks.o(.data)
    uxTaskNumber                             0x2000004c   Data           4  tasks.o(.data)
    xNextTaskUnblockTime                     0x20000050   Data           4  tasks.o(.data)
    xIdleTaskHandle                          0x20000054   Data           4  tasks.o(.data)
    uxSchedulerSuspended                     0x20000058   Data           4  tasks.o(.data)
    .data                                    0x2000005c   Section       24  heap_4.o(.data)
    xStart                                   0x2000005c   Data           8  heap_4.o(.data)
    pxEnd                                    0x20000064   Data           4  heap_4.o(.data)
    xFreeBytesRemaining                      0x20000068   Data           4  heap_4.o(.data)
    xMinimumEverFreeBytesRemaining           0x2000006c   Data           4  heap_4.o(.data)
    xBlockAllocatedBit                       0x20000070   Data           4  heap_4.o(.data)
    .data                                    0x20000074   Section       12  port.o(.data)
    uxCriticalNesting                        0x20000074   Data           4  port.o(.data)
    ucMaxSysCallPriority                     0x20000078   Data           1  port.o(.data)
    ulMaxPRIGROUPValue                       0x2000007c   Data           4  port.o(.data)
    .data                                    0x20000080   Section        1  usbd_ctlreq.o(.data)
    cfgidx                                   0x20000080   Data           1  usbd_ctlreq.o(.data)
    .data                                    0x20000084   Section      162  usbd_msc.o(.data)
    .data                                    0x20000128   Section       78  usbd_desc.o(.data)
    .data                                    0x20000178   Section       32  usbd_storage_if.o(.data)
    .data                                    0x20000198   Section        4  stdout.o(.data)
    .data                                    0x2000019c   Section        4  mvars.o(.data)
    .data                                    0x200001a0   Section        4  mvars.o(.data)
    .bss                                     0x200001a4   Section       64  bsp_debug_usart.o(.bss)
    .bss                                     0x200001e4   Section       88  bsp_spi_flash.o(.bss)
    .bss                                     0x2000023c   Section      740  tasks.o(.bss)
    pxReadyTasksLists                        0x2000023c   Data         640  tasks.o(.bss)
    xDelayedTaskList1                        0x200004bc   Data          20  tasks.o(.bss)
    xDelayedTaskList2                        0x200004d0   Data          20  tasks.o(.bss)
    xPendingReadyList                        0x200004e4   Data          20  tasks.o(.bss)
    xTasksWaitingTermination                 0x200004f8   Data          20  tasks.o(.bss)
    xSuspendedTaskList                       0x2000050c   Data          20  tasks.o(.bss)
    .bss                                     0x20000520   Section    36864  heap_4.o(.bss)
    ucHeap                                   0x20000520   Data       36864  heap_4.o(.bss)
    .bss                                     0x20009520   Section      668  usb_device.o(.bss)
    .bss                                     0x200097bc   Section     1032  usbd_conf.o(.bss)
    .bss                                     0x20009bc4   Section      512  usbd_desc.o(.bss)
    HEAP                                     0x20009dc8   Section     8192  startup_stm32f407xx.o(HEAP)
    STACK                                    0x2000bdc8   Section     8192  startup_stm32f407xx.o(STACK)

    Global Symbols

    Symbol Name                              Value     Ov Type        Size  Object(Section)

    BuildAttributes$$THM_ISAv4$E$P$D$K$B$S$7EM$VFPi3$EXTD16$VFPS$VFMA$PE$A:L22UL41UL21$X:L11$S22US41US21$IEEE1$IW$USESV6$~STKCKD$USESV7$~SHL$OSPACE$ROPI$EBA8$MICROLIB$REQ8$PRES8$EABIv2 0x00000000   Number         0  anon$$obj.o ABSOLUTE
    __ARM_use_no_argv                        0x00000000   Number         0  main.o ABSOLUTE
    _printf_a                                0x00000000   Number         0  stubs.o ABSOLUTE
    _printf_c                                0x00000000   Number         0  stubs.o ABSOLUTE
    _printf_charcount                        0x00000000   Number         0  stubs.o ABSOLUTE
    _printf_d                                0x00000000   Number         0  stubs.o ABSOLUTE
    _printf_e                                0x00000000   Number         0  stubs.o ABSOLUTE
    _printf_f                                0x00000000   Number         0  stubs.o ABSOLUTE
    _printf_flags                            0x00000000   Number         0  stubs.o ABSOLUTE
    _printf_fp_dec                           0x00000000   Number         0  stubs.o ABSOLUTE
    _printf_fp_hex                           0x00000000   Number         0  stubs.o ABSOLUTE
    _printf_g                                0x00000000   Number         0  stubs.o ABSOLUTE
    _printf_i                                0x00000000   Number         0  stubs.o ABSOLUTE
    _printf_int_dec                          0x00000000   Number         0  stubs.o ABSOLUTE
    _printf_l                                0x00000000   Number         0  stubs.o ABSOLUTE
    _printf_lc                               0x00000000   Number         0  stubs.o ABSOLUTE
    _printf_ll                               0x00000000   Number         0  stubs.o ABSOLUTE
    _printf_lld                              0x00000000   Number         0  stubs.o ABSOLUTE
    _printf_lli                              0x00000000   Number         0  stubs.o ABSOLUTE
    _printf_llo                              0x00000000   Number         0  stubs.o ABSOLUTE
    _printf_llu                              0x00000000   Number         0  stubs.o ABSOLUTE
    _printf_llx                              0x00000000   Number         0  stubs.o ABSOLUTE
    _printf_longlong_dec                     0x00000000   Number         0  stubs.o ABSOLUTE
    _printf_longlong_hex                     0x00000000   Number         0  stubs.o ABSOLUTE
    _printf_longlong_oct                     0x00000000   Number         0  stubs.o ABSOLUTE
    _printf_ls                               0x00000000   Number         0  stubs.o ABSOLUTE
    _printf_mbtowc                           0x00000000   Number         0  stubs.o ABSOLUTE
    _printf_n                                0x00000000   Number         0  stubs.o ABSOLUTE
    _printf_o                                0x00000000   Number         0  stubs.o ABSOLUTE
    _printf_p                                0x00000000   Number         0  stubs.o ABSOLUTE
    _printf_percent                          0x00000000   Number         0  stubs.o ABSOLUTE
    _printf_pre_padding                      0x00000000   Number         0  stubs.o ABSOLUTE
    _printf_return_value                     0x00000000   Number         0  stubs.o ABSOLUTE
    _printf_s                                0x00000000   Number         0  stubs.o ABSOLUTE
    _printf_sizespec                         0x00000000   Number         0  stubs.o ABSOLUTE
    _printf_str                              0x00000000   Number         0  stubs.o ABSOLUTE
    _printf_truncate_signed                  0x00000000   Number         0  stubs.o ABSOLUTE
    _printf_truncate_unsigned                0x00000000   Number         0  stubs.o ABSOLUTE
    _printf_u                                0x00000000   Number         0  stubs.o ABSOLUTE
    _printf_wc                               0x00000000   Number         0  stubs.o ABSOLUTE
    _printf_wctomb                           0x00000000   Number         0  stubs.o ABSOLUTE
    _printf_widthprec                        0x00000000   Number         0  stubs.o ABSOLUTE
    _printf_x                                0x00000000   Number         0  stubs.o ABSOLUTE
    __cpp_initialize__aeabi_                  - Undefined Weak Reference
    __cxa_finalize                            - Undefined Weak Reference
    _clock_init                               - Undefined Weak Reference
    _microlib_exit                            - Undefined Weak Reference
    __Vectors_Size                           0x00000188   Number         0  startup_stm32f407xx.o ABSOLUTE
    __Vectors                                0x08000000   Data           4  startup_stm32f407xx.o(RESET)
    __Vectors_End                            0x08000188   Data           0  startup_stm32f407xx.o(RESET)
    __main                                   0x08000189   Thumb Code     0  entry.o(.ARM.Collect$$$$00000000)
    _main_stk                                0x08000189   Thumb Code     0  entry2.o(.ARM.Collect$$$$00000001)
    _main_scatterload                        0x0800018d   Thumb Code     0  entry5.o(.ARM.Collect$$$$00000004)
    __main_after_scatterload                 0x08000191   Thumb Code     0  entry5.o(.ARM.Collect$$$$00000004)
    _main_clock                              0x08000191   Thumb Code     0  entry7b.o(.ARM.Collect$$$$00000008)
    _main_cpp_init                           0x08000191   Thumb Code     0  entry8b.o(.ARM.Collect$$$$0000000A)
    _main_init                               0x08000191   Thumb Code     0  entry9a.o(.ARM.Collect$$$$0000000B)
    __rt_final_cpp                           0x08000199   Thumb Code     0  entry10a.o(.ARM.Collect$$$$0000000D)
    __rt_final_exit                          0x08000199   Thumb Code     0  entry11a.o(.ARM.Collect$$$$0000000F)
    SVC_Handler                              0x0800019d   Thumb Code    28  port.o(.emb_text)
    __asm___6_port_c_39a90d8d__prvStartFirstTask 0x080001bd   Thumb Code    28  port.o(.emb_text)
    __asm___6_port_c_39a90d8d__prvEnableVFP  0x080001dd   Thumb Code    16  port.o(.emb_text)
    PendSV_Handler                           0x080001f1   Thumb Code    88  port.o(.emb_text)
    vPortGetIPSR                             0x0800024d   Thumb Code     6  port.o(.emb_text)
    Reset_Handler                            0x08000255   Thumb Code     8  startup_stm32f407xx.o(.text)
    ADC_IRQHandler                           0x0800026f   Thumb Code     0  startup_stm32f407xx.o(.text)
    CAN1_RX0_IRQHandler                      0x0800026f   Thumb Code     0  startup_stm32f407xx.o(.text)
    CAN1_RX1_IRQHandler                      0x0800026f   Thumb Code     0  startup_stm32f407xx.o(.text)
    CAN1_SCE_IRQHandler                      0x0800026f   Thumb Code     0  startup_stm32f407xx.o(.text)
    CAN1_TX_IRQHandler                       0x0800026f   Thumb Code     0  startup_stm32f407xx.o(.text)
    CAN2_RX0_IRQHandler                      0x0800026f   Thumb Code     0  startup_stm32f407xx.o(.text)
    CAN2_RX1_IRQHandler                      0x0800026f   Thumb Code     0  startup_stm32f407xx.o(.text)
    CAN2_SCE_IRQHandler                      0x0800026f   Thumb Code     0  startup_stm32f407xx.o(.text)
    CAN2_TX_IRQHandler                       0x0800026f   Thumb Code     0  startup_stm32f407xx.o(.text)
    DCMI_IRQHandler                          0x0800026f   Thumb Code     0  startup_stm32f407xx.o(.text)
    DMA1_Stream0_IRQHandler                  0x0800026f   Thumb Code     0  startup_stm32f407xx.o(.text)
    DMA1_Stream1_IRQHandler                  0x0800026f   Thumb Code     0  startup_stm32f407xx.o(.text)
    DMA1_Stream2_IRQHandler                  0x0800026f   Thumb Code     0  startup_stm32f407xx.o(.text)
    DMA1_Stream3_IRQHandler                  0x0800026f   Thumb Code     0  startup_stm32f407xx.o(.text)
    DMA1_Stream4_IRQHandler                  0x0800026f   Thumb Code     0  startup_stm32f407xx.o(.text)
    DMA1_Stream5_IRQHandler                  0x0800026f   Thumb Code     0  startup_stm32f407xx.o(.text)
    DMA1_Stream6_IRQHandler                  0x0800026f   Thumb Code     0  startup_stm32f407xx.o(.text)
    DMA1_Stream7_IRQHandler                  0x0800026f   Thumb Code     0  startup_stm32f407xx.o(.text)
    DMA2_Stream0_IRQHandler                  0x0800026f   Thumb Code     0  startup_stm32f407xx.o(.text)
    DMA2_Stream1_IRQHandler                  0x0800026f   Thumb Code     0  startup_stm32f407xx.o(.text)
    DMA2_Stream2_IRQHandler                  0x0800026f   Thumb Code     0  startup_stm32f407xx.o(.text)
    DMA2_Stream3_IRQHandler                  0x0800026f   Thumb Code     0  startup_stm32f407xx.o(.text)
    DMA2_Stream4_IRQHandler                  0x0800026f   Thumb Code     0  startup_stm32f407xx.o(.text)
    DMA2_Stream5_IRQHandler                  0x0800026f   Thumb Code     0  startup_stm32f407xx.o(.text)
    DMA2_Stream6_IRQHandler                  0x0800026f   Thumb Code     0  startup_stm32f407xx.o(.text)
    DMA2_Stream7_IRQHandler                  0x0800026f   Thumb Code     0  startup_stm32f407xx.o(.text)
    ETH_IRQHandler                           0x0800026f   Thumb Code     0  startup_stm32f407xx.o(.text)
    ETH_WKUP_IRQHandler                      0x0800026f   Thumb Code     0  startup_stm32f407xx.o(.text)
    EXTI0_IRQHandler                         0x0800026f   Thumb Code     0  startup_stm32f407xx.o(.text)
    EXTI15_10_IRQHandler                     0x0800026f   Thumb Code     0  startup_stm32f407xx.o(.text)
    EXTI1_IRQHandler                         0x0800026f   Thumb Code     0  startup_stm32f407xx.o(.text)
    EXTI2_IRQHandler                         0x0800026f   Thumb Code     0  startup_stm32f407xx.o(.text)
    EXTI3_IRQHandler                         0x0800026f   Thumb Code     0  startup_stm32f407xx.o(.text)
    EXTI4_IRQHandler                         0x0800026f   Thumb Code     0  startup_stm32f407xx.o(.text)
    EXTI9_5_IRQHandler                       0x0800026f   Thumb Code     0  startup_stm32f407xx.o(.text)
    FLASH_IRQHandler                         0x0800026f   Thumb Code     0  startup_stm32f407xx.o(.text)
    FMC_IRQHandler                           0x0800026f   Thumb Code     0  startup_stm32f407xx.o(.text)
    FPU_IRQHandler                           0x0800026f   Thumb Code     0  startup_stm32f407xx.o(.text)
    HASH_RNG_IRQHandler                      0x0800026f   Thumb Code     0  startup_stm32f407xx.o(.text)
    I2C1_ER_IRQHandler                       0x0800026f   Thumb Code     0  startup_stm32f407xx.o(.text)
    I2C1_EV_IRQHandler                       0x0800026f   Thumb Code     0  startup_stm32f407xx.o(.text)
    I2C2_ER_IRQHandler                       0x0800026f   Thumb Code     0  startup_stm32f407xx.o(.text)
    I2C2_EV_IRQHandler                       0x0800026f   Thumb Code     0  startup_stm32f407xx.o(.text)
    I2C3_ER_IRQHandler                       0x0800026f   Thumb Code     0  startup_stm32f407xx.o(.text)
    I2C3_EV_IRQHandler                       0x0800026f   Thumb Code     0  startup_stm32f407xx.o(.text)
    OTG_FS_WKUP_IRQHandler                   0x0800026f   Thumb Code     0  startup_stm32f407xx.o(.text)
    OTG_HS_EP1_IN_IRQHandler                 0x0800026f   Thumb Code     0  startup_stm32f407xx.o(.text)
    OTG_HS_EP1_OUT_IRQHandler                0x0800026f   Thumb Code     0  startup_stm32f407xx.o(.text)
    OTG_HS_IRQHandler                        0x0800026f   Thumb Code     0  startup_stm32f407xx.o(.text)
    OTG_HS_WKUP_IRQHandler                   0x0800026f   Thumb Code     0  startup_stm32f407xx.o(.text)
    PVD_IRQHandler                           0x0800026f   Thumb Code     0  startup_stm32f407xx.o(.text)
    RCC_IRQHandler                           0x0800026f   Thumb Code     0  startup_stm32f407xx.o(.text)
    RTC_Alarm_IRQHandler                     0x0800026f   Thumb Code     0  startup_stm32f407xx.o(.text)
    RTC_WKUP_IRQHandler                      0x0800026f   Thumb Code     0  startup_stm32f407xx.o(.text)
    SDIO_IRQHandler                          0x0800026f   Thumb Code     0  startup_stm32f407xx.o(.text)
    SPI1_IRQHandler                          0x0800026f   Thumb Code     0  startup_stm32f407xx.o(.text)
    SPI2_IRQHandler                          0x0800026f   Thumb Code     0  startup_stm32f407xx.o(.text)
    SPI3_IRQHandler                          0x0800026f   Thumb Code     0  startup_stm32f407xx.o(.text)
    TAMP_STAMP_IRQHandler                    0x0800026f   Thumb Code     0  startup_stm32f407xx.o(.text)
    TIM1_BRK_TIM9_IRQHandler                 0x0800026f   Thumb Code     0  startup_stm32f407xx.o(.text)
    TIM1_CC_IRQHandler                       0x0800026f   Thumb Code     0  startup_stm32f407xx.o(.text)
    TIM1_TRG_COM_TIM11_IRQHandler            0x0800026f   Thumb Code     0  startup_stm32f407xx.o(.text)
    TIM1_UP_TIM10_IRQHandler                 0x0800026f   Thumb Code     0  startup_stm32f407xx.o(.text)
    TIM2_IRQHandler                          0x0800026f   Thumb Code     0  startup_stm32f407xx.o(.text)
    TIM3_IRQHandler                          0x0800026f   Thumb Code     0  startup_stm32f407xx.o(.text)
    TIM4_IRQHandler                          0x0800026f   Thumb Code     0  startup_stm32f407xx.o(.text)
    TIM5_IRQHandler                          0x0800026f   Thumb Code     0  startup_stm32f407xx.o(.text)
    TIM6_DAC_IRQHandler                      0x0800026f   Thumb Code     0  startup_stm32f407xx.o(.text)
    TIM7_IRQHandler                          0x0800026f   Thumb Code     0  startup_stm32f407xx.o(.text)
    TIM8_BRK_TIM12_IRQHandler                0x0800026f   Thumb Code     0  startup_stm32f407xx.o(.text)
    TIM8_CC_IRQHandler                       0x0800026f   Thumb Code     0  startup_stm32f407xx.o(.text)
    TIM8_TRG_COM_TIM14_IRQHandler            0x0800026f   Thumb Code     0  startup_stm32f407xx.o(.text)
    TIM8_UP_TIM13_IRQHandler                 0x0800026f   Thumb Code     0  startup_stm32f407xx.o(.text)
    UART4_IRQHandler                         0x0800026f   Thumb Code     0  startup_stm32f407xx.o(.text)
    UART5_IRQHandler                         0x0800026f   Thumb Code     0  startup_stm32f407xx.o(.text)
    USART1_IRQHandler                        0x0800026f   Thumb Code     0  startup_stm32f407xx.o(.text)
    USART2_IRQHandler                        0x0800026f   Thumb Code     0  startup_stm32f407xx.o(.text)
    USART3_IRQHandler                        0x0800026f   Thumb Code     0  startup_stm32f407xx.o(.text)
    USART6_IRQHandler                        0x0800026f   Thumb Code     0  startup_stm32f407xx.o(.text)
    WWDG_IRQHandler                          0x0800026f   Thumb Code     0  startup_stm32f407xx.o(.text)
    __aeabi_uldivmod                         0x08000279   Thumb Code    98  uldiv.o(.text)
    __aeabi_memcpy                           0x080002db   Thumb Code    36  memcpya.o(.text)
    __aeabi_memcpy4                          0x080002db   Thumb Code     0  memcpya.o(.text)
    __aeabi_memcpy8                          0x080002db   Thumb Code     0  memcpya.o(.text)
    __aeabi_memset                           0x080002ff   Thumb Code    14  memseta.o(.text)
    __aeabi_memset4                          0x080002ff   Thumb Code     0  memseta.o(.text)
    __aeabi_memset8                          0x080002ff   Thumb Code     0  memseta.o(.text)
    __aeabi_memclr                           0x0800030d   Thumb Code     4  memseta.o(.text)
    __aeabi_memclr4                          0x0800030d   Thumb Code     0  memseta.o(.text)
    __aeabi_memclr8                          0x0800030d   Thumb Code     0  memseta.o(.text)
    _memset$wrapper                          0x08000311   Thumb Code    18  memseta.o(.text)
    __aeabi_uidiv                            0x08000323   Thumb Code     0  uidiv.o(.text)
    __aeabi_uidivmod                         0x08000323   Thumb Code    44  uidiv.o(.text)
    __aeabi_llsl                             0x0800034f   Thumb Code    30  llshl.o(.text)
    _ll_shift_l                              0x0800034f   Thumb Code     0  llshl.o(.text)
    __aeabi_llsr                             0x0800036d   Thumb Code    32  llushr.o(.text)
    _ll_ushift_r                             0x0800036d   Thumb Code     0  llushr.o(.text)
    __scatterload                            0x0800038d   Thumb Code    28  init.o(.text)
    __scatterload_rt2                        0x0800038d   Thumb Code     0  init.o(.text)
    __decompress                             0x080003b1   Thumb Code     0  __dczerorl2.o(.text)
    __decompress1                            0x080003b1   Thumb Code    86  __dczerorl2.o(.text)
    BusFault_Handler                         0x08000517   Thumb Code     4  stm32f4xx_it.o(i.BusFault_Handler)
    DEBUG_USART_Config                       0x0800051d   Thumb Code    52  bsp_debug_usart.o(i.DEBUG_USART_Config)
    DebugMon_Handler                         0x08000559   Thumb Code     2  stm32f4xx_it.o(i.DebugMon_Handler)
    Error_Handler                            0x0800055d   Thumb Code    12  board_init.o(i.Error_Handler)
    HAL_Delay                                0x080005a5   Thumb Code    36  stm32f4xx_hal.o(i.HAL_Delay)
    HAL_GPIO_Init                            0x080005cd   Thumb Code   466  stm32f4xx_hal_gpio.o(i.HAL_GPIO_Init)
    HAL_GPIO_ReadPin                         0x080007cd   Thumb Code    16  stm32f4xx_hal_gpio.o(i.HAL_GPIO_ReadPin)
    HAL_GetREVID                             0x080007dd   Thumb Code     8  stm32f4xx_hal.o(i.HAL_GetREVID)
    HAL_GetTick                              0x080007e9   Thumb Code     6  stm32f4xx_hal.o(i.HAL_GetTick)
    HAL_IncTick                              0x080007f5   Thumb Code    16  stm32f4xx_hal.o(i.HAL_IncTick)
    HAL_InitTick                             0x0800080d   Thumb Code    64  stm32f4xx_hal.o(i.HAL_InitTick)
    HAL_NVIC_EnableIRQ                       0x08000859   Thumb Code    32  stm32f4xx_hal_cortex.o(i.HAL_NVIC_EnableIRQ)
    HAL_NVIC_SetPriority                     0x08000879   Thumb Code   124  stm32f4xx_hal_cortex.o(i.HAL_NVIC_SetPriority)
    HAL_NVIC_SetPriorityGrouping             0x080008f5   Thumb Code    32  stm32f4xx_hal_cortex.o(i.HAL_NVIC_SetPriorityGrouping)
    HAL_PCDEx_LPM_Callback                   0x0800091d   Thumb Code     2  stm32f4xx_hal_pcd_ex.o(i.HAL_PCDEx_LPM_Callback)
    HAL_PCDEx_SetRxFiFo                      0x0800091f   Thumb Code    10  stm32f4xx_hal_pcd_ex.o(i.HAL_PCDEx_SetRxFiFo)
    HAL_PCDEx_SetTxFiFo                      0x08000929   Thumb Code    78  stm32f4xx_hal_pcd_ex.o(i.HAL_PCDEx_SetTxFiFo)
    HAL_PCD_ConnectCallback                  0x08000977   Thumb Code    14  usbd_conf.o(i.HAL_PCD_ConnectCallback)
    HAL_PCD_DataInStageCallback              0x08000985   Thumb Code    32  usbd_conf.o(i.HAL_PCD_DataInStageCallback)
    HAL_PCD_DataOutStageCallback             0x080009a5   Thumb Code    32  usbd_conf.o(i.HAL_PCD_DataOutStageCallback)
    HAL_PCD_DisconnectCallback               0x080009c5   Thumb Code    14  usbd_conf.o(i.HAL_PCD_DisconnectCallback)
    HAL_PCD_EP_Close                         0x080009d3   Thumb Code   106  stm32f4xx_hal_pcd.o(i.HAL_PCD_EP_Close)
    HAL_PCD_EP_ClrStall                      0x08000a3d   Thumb Code   124  stm32f4xx_hal_pcd.o(i.HAL_PCD_EP_ClrStall)
    HAL_PCD_EP_Flush                         0x08000ab9   Thumb Code    68  stm32f4xx_hal_pcd.o(i.HAL_PCD_EP_Flush)
    HAL_PCD_EP_GetRxCount                    0x08000afd   Thumb Code    22  stm32f4xx_hal_pcd.o(i.HAL_PCD_EP_GetRxCount)
    HAL_PCD_EP_Open                          0x08000b13   Thumb Code   140  stm32f4xx_hal_pcd.o(i.HAL_PCD_EP_Open)
    HAL_PCD_EP_Receive                       0x08000b9f   Thumb Code    88  stm32f4xx_hal_pcd.o(i.HAL_PCD_EP_Receive)
    HAL_PCD_EP_SetStall                      0x08000bf7   Thumb Code   138  stm32f4xx_hal_pcd.o(i.HAL_PCD_EP_SetStall)
    HAL_PCD_EP_Transmit                      0x08000c81   Thumb Code    90  stm32f4xx_hal_pcd.o(i.HAL_PCD_EP_Transmit)
    HAL_PCD_IRQHandler                       0x08000cdb   Thumb Code  1342  stm32f4xx_hal_pcd.o(i.HAL_PCD_IRQHandler)
    HAL_PCD_ISOINIncompleteCallback          0x08001219   Thumb Code    18  usbd_conf.o(i.HAL_PCD_ISOINIncompleteCallback)
    HAL_PCD_ISOOUTIncompleteCallback         0x0800122b   Thumb Code    18  usbd_conf.o(i.HAL_PCD_ISOOUTIncompleteCallback)
    HAL_PCD_Init                             0x0800123d   Thumb Code   358  stm32f4xx_hal_pcd.o(i.HAL_PCD_Init)
    HAL_PCD_MspInit                          0x080013a5   Thumb Code   160  usbd_conf.o(i.HAL_PCD_MspInit)
    HAL_PCD_ResetCallback                    0x0800144d   Thumb Code    48  usbd_conf.o(i.HAL_PCD_ResetCallback)
    HAL_PCD_ResumeCallback                   0x0800147d   Thumb Code    14  usbd_conf.o(i.HAL_PCD_ResumeCallback)
    HAL_PCD_SOFCallback                      0x0800148b   Thumb Code    14  usbd_conf.o(i.HAL_PCD_SOFCallback)
    HAL_PCD_SetAddress                       0x08001499   Thumb Code    54  stm32f4xx_hal_pcd.o(i.HAL_PCD_SetAddress)
    HAL_PCD_SetupStageCallback               0x080014cf   Thumb Code    18  usbd_conf.o(i.HAL_PCD_SetupStageCallback)
    HAL_PCD_Start                            0x080014e1   Thumb Code    74  stm32f4xx_hal_pcd.o(i.HAL_PCD_Start)
    HAL_PCD_SuspendCallback                  0x0800152d   Thumb Code    46  usbd_conf.o(i.HAL_PCD_SuspendCallback)
    HAL_RCC_ClockConfig                      0x08001561   Thumb Code   366  stm32f4xx_hal_rcc.o(i.HAL_RCC_ClockConfig)
    HAL_RCC_GetHCLKFreq                      0x080016e1   Thumb Code     6  stm32f4xx_hal_rcc.o(i.HAL_RCC_GetHCLKFreq)
    HAL_RCC_GetPCLK1Freq                     0x080016ed   Thumb Code    22  stm32f4xx_hal_rcc.o(i.HAL_RCC_GetPCLK1Freq)
    HAL_RCC_GetPCLK2Freq                     0x0800170d   Thumb Code    22  stm32f4xx_hal_rcc.o(i.HAL_RCC_GetPCLK2Freq)
    HAL_RCC_GetSysClockFreq                  0x0800172d   Thumb Code   162  stm32f4xx_hal_rcc.o(i.HAL_RCC_GetSysClockFreq)
    HAL_RCC_OscConfig                        0x080017dd   Thumb Code  1086  stm32f4xx_hal_rcc.o(i.HAL_RCC_OscConfig)
    HAL_SPI_Init                             0x08001c25   Thumb Code   160  stm32f4xx_hal_spi.o(i.HAL_SPI_Init)
    HAL_SPI_MspInit                          0x08001cc5   Thumb Code   244  bsp_spi_flash.o(i.HAL_SPI_MspInit)
    HAL_SYSTICK_Config                       0x08001dc5   Thumb Code    52  stm32f4xx_hal_cortex.o(i.HAL_SYSTICK_Config)
    HAL_UART_Init                            0x08001df9   Thumb Code   114  stm32f4xx_hal_uart.o(i.HAL_UART_Init)
    HAL_UART_MspInit                         0x08001e6d   Thumb Code   168  bsp_debug_usart.o(i.HAL_UART_MspInit)
    HAL_UART_Transmit                        0x08001f1d   Thumb Code   214  stm32f4xx_hal_uart.o(i.HAL_UART_Transmit)
    HardFault_Handler                        0x08001ff3   Thumb Code     4  stm32f4xx_it.o(i.HardFault_Handler)
    Key_GPIO_Config                          0x080020d5   Thumb Code   228  bsp_key.o(i.Key_GPIO_Config)
    Key_Scan                                 0x080021c9   Thumb Code    40  bsp_key.o(i.Key_Scan)
    LED_GPIO_Config                          0x080021f1   Thumb Code   224  bsp_led.o(i.LED_GPIO_Config)
    MSC_BOT_CplClrFeature                    0x080024bd   Thumb Code    60  usbd_msc_bot.o(i.MSC_BOT_CplClrFeature)
    MSC_BOT_DataIn                           0x080024f9   Thumb Code    80  usbd_msc_bot.o(i.MSC_BOT_DataIn)
    MSC_BOT_DataOut                          0x08002549   Thumb Code    70  usbd_msc_bot.o(i.MSC_BOT_DataOut)
    MSC_BOT_DeInit                           0x0800258f   Thumb Code    10  usbd_msc_bot.o(i.MSC_BOT_DeInit)
    MSC_BOT_Init                             0x08002599   Thumb Code    70  usbd_msc_bot.o(i.MSC_BOT_Init)
    MSC_BOT_Reset                            0x080025df   Thumb Code    34  usbd_msc_bot.o(i.MSC_BOT_Reset)
    MSC_BOT_SendCSW                          0x08002601   Thumb Code    60  usbd_msc_bot.o(i.MSC_BOT_SendCSW)
    MX_USB_DEVICE_Init                       0x0800269d   Thumb Code    60  usb_device.o(i.MX_USB_DEVICE_Init)
    MemManage_Handler                        0x080026e9   Thumb Code     4  stm32f4xx_it.o(i.MemManage_Handler)
    NMI_Handler                              0x080026ed   Thumb Code     2  stm32f4xx_it.o(i.NMI_Handler)
    OTG_FS_IRQHandler                        0x080026f1   Thumb Code    10  stm32f4xx_it.o(i.OTG_FS_IRQHandler)
    SCSI_ProcessCmd                          0x08002ab5   Thumb Code   238  usbd_msc_scsi.o(i.SCSI_ProcessCmd)
    SCSI_SenseCode                           0x08003001   Thumb Code    78  usbd_msc_scsi.o(i.SCSI_SenseCode)
    SPI_FLASH_BufferRead                     0x0800322d   Thumb Code    74  bsp_spi_flash.o(i.SPI_FLASH_BufferRead)
    SPI_FLASH_BufferWrite                    0x0800327d   Thumb Code   290  bsp_spi_flash.o(i.SPI_FLASH_BufferWrite)
    SPI_FLASH_Init                           0x080033a1   Thumb Code    80  bsp_spi_flash.o(i.SPI_FLASH_Init)
    SPI_FLASH_PageWrite                      0x080033f9   Thumb Code    96  bsp_spi_flash.o(i.SPI_FLASH_PageWrite)
    SPI_FLASH_SectorErase                    0x08003491   Thumb Code    60  bsp_spi_flash.o(i.SPI_FLASH_SectorErase)
    SPI_FLASH_SendByte                       0x080034d1   Thumb Code   112  bsp_spi_flash.o(i.SPI_FLASH_SendByte)
    SPI_FLASH_WaitForWriteEnd                0x08003549   Thumb Code    74  bsp_spi_flash.o(i.SPI_FLASH_WaitForWriteEnd)
    SPI_FLASH_WriteEnable                    0x0800359d   Thumb Code    24  bsp_spi_flash.o(i.SPI_FLASH_WriteEnable)
    SysTick_Handler                          0x08003675   Thumb Code    20  stm32f4xx_it.o(i.SysTick_Handler)
    SystemClock_Config                       0x08003689   Thumb Code   180  board_init.o(i.SystemClock_Config)
    SystemInit                               0x08003749   Thumb Code    82  system_stm32f4xx.o(i.SystemInit)
    USBD_ClrClassConfig                      0x08003b81   Thumb Code    22  usbd_core.o(i.USBD_ClrClassConfig)
    USBD_CtlContinueRx                       0x08003bd5   Thumb Code    24  usbd_ioreq.o(i.USBD_CtlContinueRx)
    USBD_CtlContinueSendData                 0x08003bed   Thumb Code    24  usbd_ioreq.o(i.USBD_CtlContinueSendData)
    USBD_CtlError                            0x08003c05   Thumb Code    24  usbd_ctlreq.o(i.USBD_CtlError)
    USBD_CtlReceiveStatus                    0x08003c1d   Thumb Code    26  usbd_ioreq.o(i.USBD_CtlReceiveStatus)
    USBD_CtlSendData                         0x08003c37   Thumb Code    34  usbd_ioreq.o(i.USBD_CtlSendData)
    USBD_CtlSendStatus                       0x08003c59   Thumb Code    26  usbd_ioreq.o(i.USBD_CtlSendStatus)
    USBD_FS_ConfigStrDescriptor              0x08003c75   Thumb Code    34  usbd_desc.o(i.USBD_FS_ConfigStrDescriptor)
    USBD_FS_DeviceDescriptor                 0x08003ca9   Thumb Code    10  usbd_desc.o(i.USBD_FS_DeviceDescriptor)
    USBD_FS_InterfaceStrDescriptor           0x08003cb9   Thumb Code    34  usbd_desc.o(i.USBD_FS_InterfaceStrDescriptor)
    USBD_FS_LangIDStrDescriptor              0x08003cf1   Thumb Code    10  usbd_desc.o(i.USBD_FS_LangIDStrDescriptor)
    USBD_FS_ManufacturerStrDescriptor        0x08003d01   Thumb Code    20  usbd_desc.o(i.USBD_FS_ManufacturerStrDescriptor)
    USBD_FS_ProductStrDescriptor             0x08003d2d   Thumb Code    34  usbd_desc.o(i.USBD_FS_ProductStrDescriptor)
    USBD_FS_SerialStrDescriptor              0x08003d69   Thumb Code    18  usbd_desc.o(i.USBD_FS_SerialStrDescriptor)
    USBD_GetString                           0x08003f97   Thumb Code    82  usbd_ctlreq.o(i.USBD_GetString)
    USBD_Get_USB_Status                      0x08003fe9   Thumb Code    44  usbd_conf.o(i.USBD_Get_USB_Status)
    USBD_Init                                0x08004015   Thumb Code    68  usbd_core.o(i.USBD_Init)
    USBD_LL_ClearStallEP                     0x0800407d   Thumb Code    38  usbd_conf.o(i.USBD_LL_ClearStallEP)
    USBD_LL_CloseEP                          0x080040a3   Thumb Code    38  usbd_conf.o(i.USBD_LL_CloseEP)
    USBD_LL_DataInStage                      0x080040c9   Thumb Code   256  usbd_core.o(i.USBD_LL_DataInStage)
    USBD_LL_DataOutStage                     0x080041c9   Thumb Code   166  usbd_core.o(i.USBD_LL_DataOutStage)
    USBD_LL_DevConnected                     0x0800426f   Thumb Code     6  usbd_core.o(i.USBD_LL_DevConnected)
    USBD_LL_DevDisconnected                  0x08004275   Thumb Code    26  usbd_core.o(i.USBD_LL_DevDisconnected)
    USBD_LL_FlushEP                          0x0800428f   Thumb Code    38  usbd_conf.o(i.USBD_LL_FlushEP)
    USBD_LL_GetRxDataSize                    0x080042b5   Thumb Code    18  usbd_conf.o(i.USBD_LL_GetRxDataSize)
    USBD_LL_Init                             0x080042c9   Thumb Code   100  usbd_conf.o(i.USBD_LL_Init)
    USBD_LL_IsStallEP                        0x08004331   Thumb Code    56  usbd_conf.o(i.USBD_LL_IsStallEP)
    USBD_LL_IsoINIncomplete                  0x08004369   Thumb Code     6  usbd_core.o(i.USBD_LL_IsoINIncomplete)
    USBD_LL_IsoOUTIncomplete                 0x0800436f   Thumb Code     6  usbd_core.o(i.USBD_LL_IsoOUTIncomplete)
    USBD_LL_OpenEP                           0x08004375   Thumb Code    48  usbd_conf.o(i.USBD_LL_OpenEP)
    USBD_LL_PrepareReceive                   0x080043a5   Thumb Code    48  usbd_conf.o(i.USBD_LL_PrepareReceive)
    USBD_LL_Reset                            0x080043d5   Thumb Code    92  usbd_core.o(i.USBD_LL_Reset)
    USBD_LL_Resume                           0x08004431   Thumb Code    14  usbd_core.o(i.USBD_LL_Resume)
    USBD_LL_SOF                              0x0800443f   Thumb Code    34  usbd_core.o(i.USBD_LL_SOF)
    USBD_LL_SetSpeed                         0x08004461   Thumb Code     8  usbd_core.o(i.USBD_LL_SetSpeed)
    USBD_LL_SetUSBAddress                    0x08004469   Thumb Code    38  usbd_conf.o(i.USBD_LL_SetUSBAddress)
    USBD_LL_SetupStage                       0x0800448f   Thumb Code   110  usbd_core.o(i.USBD_LL_SetupStage)
    USBD_LL_StallEP                          0x080044fd   Thumb Code    38  usbd_conf.o(i.USBD_LL_StallEP)
    USBD_LL_Start                            0x08004523   Thumb Code    30  usbd_conf.o(i.USBD_LL_Start)
    USBD_LL_Suspend                          0x08004541   Thumb Code    20  usbd_core.o(i.USBD_LL_Suspend)
    USBD_LL_Transmit                         0x08004555   Thumb Code    48  usbd_conf.o(i.USBD_LL_Transmit)
    USBD_MSC_DataIn                          0x08004585   Thumb Code    18  usbd_msc.o(i.USBD_MSC_DataIn)
    USBD_MSC_DataOut                         0x08004597   Thumb Code    18  usbd_msc.o(i.USBD_MSC_DataOut)
    USBD_MSC_DeInit                          0x080045a9   Thumb Code    62  usbd_msc.o(i.USBD_MSC_DeInit)
    USBD_MSC_GetDeviceQualifierDescriptor    0x080045e9   Thumb Code    10  usbd_msc.o(i.USBD_MSC_GetDeviceQualifierDescriptor)
    USBD_MSC_GetFSCfgDesc                    0x080045f9   Thumb Code    10  usbd_msc.o(i.USBD_MSC_GetFSCfgDesc)
    USBD_MSC_GetHSCfgDesc                    0x08004609   Thumb Code    10  usbd_msc.o(i.USBD_MSC_GetHSCfgDesc)
    USBD_MSC_GetOtherSpeedCfgDesc            0x08004619   Thumb Code    10  usbd_msc.o(i.USBD_MSC_GetOtherSpeedCfgDesc)
    USBD_MSC_Init                            0x08004629   Thumb Code   114  usbd_msc.o(i.USBD_MSC_Init)
    USBD_MSC_RegisterStorage                 0x0800469b   Thumb Code    12  usbd_msc.o(i.USBD_MSC_RegisterStorage)
    USBD_MSC_Setup                           0x080046a7   Thumb Code   452  usbd_msc.o(i.USBD_MSC_Setup)
    USBD_ParseSetupRequest                   0x0800486b   Thumb Code    40  usbd_ctlreq.o(i.USBD_ParseSetupRequest)
    USBD_RegisterClass                       0x08004895   Thumb Code    40  usbd_core.o(i.USBD_RegisterClass)
    USBD_RunTestMode                         0x080048e1   Thumb Code     6  usbd_core.o(i.USBD_RunTestMode)
    USBD_SetClassConfig                      0x08004941   Thumb Code    34  usbd_core.o(i.USBD_SetClassConfig)
    USBD_Start                               0x08004a65   Thumb Code    14  usbd_core.o(i.USBD_Start)
    USBD_StdDevReq                           0x08004a73   Thumb Code   162  usbd_ctlreq.o(i.USBD_StdDevReq)
    USBD_StdEPReq                            0x08004b15   Thumb Code   568  usbd_ctlreq.o(i.USBD_StdEPReq)
    USBD_StdItfReq                           0x08004d4d   Thumb Code   126  usbd_ctlreq.o(i.USBD_StdItfReq)
    USB_ActivateEndpoint                     0x08004dcd   Thumb Code   202  stm32f4xx_ll_usb.o(i.USB_ActivateEndpoint)
    USB_ActivateSetup                        0x08004e9d   Thumb Code    70  stm32f4xx_ll_usb.o(i.USB_ActivateSetup)
    USB_CoreInit                             0x08004ee5   Thumb Code   128  stm32f4xx_ll_usb.o(i.USB_CoreInit)
    USB_DeactivateEndpoint                   0x08004fb5   Thumb Code   182  stm32f4xx_ll_usb.o(i.USB_DeactivateEndpoint)
    USB_DevConnect                           0x08005079   Thumb Code    32  stm32f4xx_ll_usb.o(i.USB_DevConnect)
    USB_DevDisconnect                        0x08005099   Thumb Code    32  stm32f4xx_ll_usb.o(i.USB_DevDisconnect)
    USB_DevInit                              0x080050b9   Thumb Code   482  stm32f4xx_ll_usb.o(i.USB_DevInit)
    USB_DisableGlobalInt                     0x080052ad   Thumb Code    14  stm32f4xx_ll_usb.o(i.USB_DisableGlobalInt)
    USB_EP0StartXfer                         0x080052bd   Thumb Code   468  stm32f4xx_ll_usb.o(i.USB_EP0StartXfer)
    USB_EP0_OutStart                         0x08005495   Thumb Code   106  stm32f4xx_ll_usb.o(i.USB_EP0_OutStart)
    USB_EPClearStall                         0x08005505   Thumb Code   142  stm32f4xx_ll_usb.o(i.USB_EPClearStall)
    USB_EPSetStall                           0x08005593   Thumb Code   154  stm32f4xx_ll_usb.o(i.USB_EPSetStall)
    USB_EPStartXfer                          0x0800562d   Thumb Code   832  stm32f4xx_ll_usb.o(i.USB_EPStartXfer)
    USB_EnableGlobalInt                      0x08005971   Thumb Code    14  stm32f4xx_ll_usb.o(i.USB_EnableGlobalInt)
    USB_FlushRxFifo                          0x08005981   Thumb Code    38  stm32f4xx_ll_usb.o(i.USB_FlushRxFifo)
    USB_FlushTxFifo                          0x080059ad   Thumb Code    44  stm32f4xx_ll_usb.o(i.USB_FlushTxFifo)
    USB_GetDevSpeed                          0x080059dd   Thumb Code    38  stm32f4xx_ll_usb.o(i.USB_GetDevSpeed)
    USB_GetMode                              0x08005a03   Thumb Code    10  stm32f4xx_ll_usb.o(i.USB_GetMode)
    USB_ReadDevAllInEpInterrupt              0x08005a0d   Thumb Code    20  stm32f4xx_ll_usb.o(i.USB_ReadDevAllInEpInterrupt)
    USB_ReadDevAllOutEpInterrupt             0x08005a21   Thumb Code    20  stm32f4xx_ll_usb.o(i.USB_ReadDevAllOutEpInterrupt)
    USB_ReadDevInEPInterrupt                 0x08005a35   Thumb Code    50  stm32f4xx_ll_usb.o(i.USB_ReadDevInEPInterrupt)
    USB_ReadDevOutEPInterrupt                0x08005a67   Thumb Code    26  stm32f4xx_ll_usb.o(i.USB_ReadDevOutEPInterrupt)
    USB_ReadInterrupts                       0x08005a81   Thumb Code    10  stm32f4xx_ll_usb.o(i.USB_ReadInterrupts)
    USB_ReadPacket                           0x08005a8b   Thumb Code    34  stm32f4xx_ll_usb.o(i.USB_ReadPacket)
    USB_SetCurrentMode                       0x08005aad   Thumb Code    54  stm32f4xx_ll_usb.o(i.USB_SetCurrentMode)
    USB_SetDevAddress                        0x08005ae3   Thumb Code    42  stm32f4xx_ll_usb.o(i.USB_SetDevAddress)
    USB_SetDevSpeed                          0x08005b0d   Thumb Code    18  stm32f4xx_ll_usb.o(i.USB_SetDevSpeed)
    USB_SetTurnaroundTime                    0x08005b21   Thumb Code   192  stm32f4xx_ll_usb.o(i.USB_SetTurnaroundTime)
    USB_WritePacket                          0x08005c09   Thumb Code    60  stm32f4xx_ll_usb.o(i.USB_WritePacket)
    UsageFault_Handler                       0x08005c45   Thumb Code     4  stm32f4xx_it.o(i.UsageFault_Handler)
    __0printf$3                              0x08005c49   Thumb Code    22  printf3.o(i.__0printf$3)
    __1printf$3                              0x08005c49   Thumb Code     0  printf3.o(i.__0printf$3)
    __2printf                                0x08005c49   Thumb Code     0  printf3.o(i.__0printf$3)
    __scatterload_copy                       0x08005ca1   Thumb Code    14  handlers.o(i.__scatterload_copy)
    __scatterload_null                       0x08005caf   Thumb Code     2  handlers.o(i.__scatterload_null)
    __scatterload_zeroinit                   0x08005cb1   Thumb Code    14  handlers.o(i.__scatterload_zeroinit)
    fputc                                    0x08005e79   Thumb Code    22  bsp_debug_usart.o(i.fputc)
    free                                     0x08005e95   Thumb Code    76  malloc.o(i.free)
    main                                     0x08005ee5   Thumb Code    46  main.o(i.main)
    malloc                                   0x08005f31   Thumb Code    92  malloc.o(i.malloc)
    pvPortMalloc                             0x080064b5   Thumb Code   262  heap_4.o(i.pvPortMalloc)
    pxPortInitialiseStack                    0x08006605   Thumb Code    38  port.o(i.pxPortInitialiseStack)
    uxListRemove                             0x08006631   Thumb Code    40  list.o(i.uxListRemove)
    vListInitialise                          0x08006659   Thumb Code    26  list.o(i.vListInitialise)
    vListInitialiseItem                      0x08006673   Thumb Code     6  list.o(i.vListInitialiseItem)
    vListInsert                              0x08006679   Thumb Code    52  list.o(i.vListInsert)
    vListInsertEnd                           0x080066ad   Thumb Code    24  list.o(i.vListInsertEnd)
    vPortEnterCritical                       0x080066c5   Thumb Code    68  port.o(i.vPortEnterCritical)
    vPortExitCritical                        0x08006749   Thumb Code    48  port.o(i.vPortExitCritical)
    vPortFree                                0x080067b5   Thumb Code   120  heap_4.o(i.vPortFree)
    vPortSetupTimerInterrupt                 0x08006869   Thumb Code    26  port.o(i.vPortSetupTimerInterrupt)
    vTaskDelay                               0x08006889   Thumb Code    72  tasks.o(i.vTaskDelay)
    vTaskDelete                              0x08006901   Thumb Code   192  tasks.o(i.vTaskDelete)
    vTaskResume                              0x08006a11   Thumb Code   118  tasks.o(i.vTaskResume)
    vTaskStartScheduler                      0x08006ac1   Thumb Code    98  tasks.o(i.vTaskStartScheduler)
    vTaskSuspend                             0x08006b69   Thumb Code   186  tasks.o(i.vTaskSuspend)
    vTaskSuspendAll                          0x08006c6d   Thumb Code    12  tasks.o(i.vTaskSuspendAll)
    vTaskSwitchContext                       0x08006c7d   Thumb Code   110  tasks.o(i.vTaskSwitchContext)
    xPortStartScheduler                      0x08006d29   Thumb Code   258  port.o(i.xPortStartScheduler)
    xPortSysTickHandler                      0x08006e81   Thumb Code    46  port.o(i.xPortSysTickHandler)
    xTaskCreate                              0x08006eb5   Thumb Code    96  tasks.o(i.xTaskCreate)
    xTaskGetSchedulerState                   0x08006f15   Thumb Code    24  tasks.o(i.xTaskGetSchedulerState)
    xTaskIncrementTick                       0x08006f35   Thumb Code   272  tasks.o(i.xTaskIncrementTick)
    xTaskResumeAll                           0x08007099   Thumb Code   214  tasks.o(i.xTaskResumeAll)
    AHBPrescTable                            0x080071bc   Data          16  system_stm32f4xx.o(.constdata)
    APBPrescTable                            0x080071cc   Data           8  system_stm32f4xx.o(.constdata)
    MSC_Page00_Inquiry_Data                  0x080071e2   Data           7  usbd_msc_data.o(.constdata)
    MSC_Mode_Sense6_data                     0x080071e9   Data           8  usbd_msc_data.o(.constdata)
    MSC_Mode_Sense10_data                    0x080071f1   Data           8  usbd_msc_data.o(.constdata)
    STORAGE_Inquirydata_FS                   0x080071f9   Data          36  usbd_storage_if.o(.constdata)
    Region$$Table$$Base                      0x08007268   Number         0  anon$$obj.o(Region$$Table)
    Region$$Table$$Limit                     0x08007288   Number         0  anon$$obj.o(Region$$Table)
    SystemCoreClock                          0x20000000   Data           4  system_stm32f4xx.o(.data)
    uwTick                                   0x20000004   Data           4  stm32f4xx_hal.o(.data)
    uwTickPrio                               0x20000008   Data           4  stm32f4xx_hal.o(.data)
    uwTickFreq                               0x2000000c   Data           1  stm32f4xx_hal.o(.data)
    pxCurrentTCB                             0x20000020   Data           4  tasks.o(.data)
    USBD_MSC                                 0x20000084   Data          56  usbd_msc.o(.data)
    USBD_MSC_CfgHSDesc                       0x200000bc   Data          32  usbd_msc.o(.data)
    USBD_MSC_CfgFSDesc                       0x200000dc   Data          32  usbd_msc.o(.data)
    USBD_MSC_OtherSpeedCfgDesc               0x200000fc   Data          32  usbd_msc.o(.data)
    USBD_MSC_DeviceQualifierDesc             0x2000011c   Data          10  usbd_msc.o(.data)
    FS_Desc                                  0x20000128   Data          28  usbd_desc.o(.data)
    USBD_FS_DeviceDesc                       0x20000144   Data          18  usbd_desc.o(.data)
    USBD_LangIDDesc                          0x20000158   Data           4  usbd_desc.o(.data)
    USBD_StringSerial                        0x2000015c   Data          26  usbd_desc.o(.data)
    USBD_Storage_Interface_fops_FS           0x20000178   Data          32  usbd_storage_if.o(.data)
    __stdout                                 0x20000198   Data           4  stdout.o(.data)
    __microlib_freelist                      0x2000019c   Data           4  mvars.o(.data)
    __microlib_freelist_initialised          0x200001a0   Data           4  mvars.o(.data)
    UartHandle                               0x200001a4   Data          64  bsp_debug_usart.o(.bss)
    SpiHandle                                0x200001e4   Data          88  bsp_spi_flash.o(.bss)
    hUsbDeviceFS                             0x20009520   Data         668  usb_device.o(.bss)
    hpcd_USB_OTG_FS                          0x200097bc   Data        1032  usbd_conf.o(.bss)
    USBD_StrDesc                             0x20009bc4   Data         512  usbd_desc.o(.bss)
    __heap_base                              0x20009dc8   Data           0  startup_stm32f407xx.o(HEAP)
    __heap_limit                             0x2000bdc8   Data           0  startup_stm32f407xx.o(HEAP)
    __initial_sp                             0x2000ddc8   Data           0  startup_stm32f407xx.o(STACK)



==============================================================================

Memory Map of the image

  Image Entry point : 0x08000189

  Load Region LR_IROM1 (Base: 0x08000000, Size: 0x0000742c, Max: 0x00100000, ABSOLUTE, COMPRESSED[0x00007334])

    Execution Region ER_IROM1 (Exec base: 0x08000000, Load base: 0x08000000, Size: 0x00007288, Max: 0x00100000, ABSOLUTE)

    Exec Addr    Load Addr    Size         Type   Attr      Idx    E Section Name        Object

    0x08000000   0x08000000   0x00000188   Data   RO            3    RESET               startup_stm32f407xx.o
    0x08000188   0x08000188   0x00000000   Code   RO        10819  * .ARM.Collect$$$$00000000  mc_w.l(entry.o)
    0x08000188   0x08000188   0x00000004   Code   RO        11119    .ARM.Collect$$$$00000001  mc_w.l(entry2.o)
    0x0800018c   0x0800018c   0x00000004   Code   RO        11122    .ARM.Collect$$$$00000004  mc_w.l(entry5.o)
    0x08000190   0x08000190   0x00000000   Code   RO        11124    .ARM.Collect$$$$00000008  mc_w.l(entry7b.o)
    0x08000190   0x08000190   0x00000000   Code   RO        11126    .ARM.Collect$$$$0000000A  mc_w.l(entry8b.o)
    0x08000190   0x08000190   0x00000008   Code   RO        11127    .ARM.Collect$$$$0000000B  mc_w.l(entry9a.o)
    0x08000198   0x08000198   0x00000000   Code   RO        11129    .ARM.Collect$$$$0000000D  mc_w.l(entry10a.o)
    0x08000198   0x08000198   0x00000000   Code   RO        11131    .ARM.Collect$$$$0000000F  mc_w.l(entry11a.o)
    0x08000198   0x08000198   0x00000004   Code   RO        11120    .ARM.Collect$$$$00002712  mc_w.l(entry2.o)
    0x0800019c   0x0800019c   0x000000b6   Code   RO         9716    .emb_text           port.o
    0x08000252   0x08000252   0x00000002   PAD
    0x08000254   0x08000254   0x00000024   Code   RO            4    .text               startup_stm32f407xx.o
    0x08000278   0x08000278   0x00000062   Code   RO        10822    .text               mc_w.l(uldiv.o)
    0x080002da   0x080002da   0x00000024   Code   RO        10824    .text               mc_w.l(memcpya.o)
    0x080002fe   0x080002fe   0x00000024   Code   RO        10826    .text               mc_w.l(memseta.o)
    0x08000322   0x08000322   0x0000002c   Code   RO        11134    .text               mc_w.l(uidiv.o)
    0x0800034e   0x0800034e   0x0000001e   Code   RO        11136    .text               mc_w.l(llshl.o)
    0x0800036c   0x0800036c   0x00000020   Code   RO        11138    .text               mc_w.l(llushr.o)
    0x0800038c   0x0800038c   0x00000024   Code   RO        11153    .text               mc_w.l(init.o)
    0x080003b0   0x080003b0   0x00000056   Code   RO        11167    .text               mc_w.l(__dczerorl2.o)
    0x08000406   0x08000406   0x00000002   PAD
    0x08000408   0x08000408   0x000000f0   Code   RO         8550    i.AppTaskCreate     main.o
    0x080004f8   0x080004f8   0x0000001e   Code   RO         8551    i.BSP_Init          main.o
    0x08000516   0x08000516   0x00000004   Code   RO         8662    i.BusFault_Handler  stm32f4xx_it.o
    0x0800051a   0x0800051a   0x00000002   PAD
    0x0800051c   0x0800051c   0x0000003c   Code   RO         8789    i.DEBUG_USART_Config  bsp_debug_usart.o
    0x08000558   0x08000558   0x00000002   Code   RO         8663    i.DebugMon_Handler  stm32f4xx_it.o
    0x0800055a   0x0800055a   0x00000002   PAD
    0x0800055c   0x0800055c   0x00000014   Code   RO         8972    i.Error_Handler     board_init.o
    0x08000570   0x08000570   0x00000034   Code   RO        10677    i.Get_SerialNum     usbd_desc.o
    0x080005a4   0x080005a4   0x00000028   Code   RO          257    i.HAL_Delay         stm32f4xx_hal.o
    0x080005cc   0x080005cc   0x00000200   Code   RO         2084    i.HAL_GPIO_Init     stm32f4xx_hal_gpio.o
    0x080007cc   0x080007cc   0x00000010   Code   RO         2086    i.HAL_GPIO_ReadPin  stm32f4xx_hal_gpio.o
    0x080007dc   0x080007dc   0x0000000c   Code   RO          262    i.HAL_GetREVID      stm32f4xx_hal.o
    0x080007e8   0x080007e8   0x0000000c   Code   RO          263    i.HAL_GetTick       stm32f4xx_hal.o
    0x080007f4   0x080007f4   0x00000018   Code   RO          269    i.HAL_IncTick       stm32f4xx_hal.o
    0x0800080c   0x0800080c   0x0000004c   Code   RO          271    i.HAL_InitTick      stm32f4xx_hal.o
    0x08000858   0x08000858   0x00000020   Code   RO          969    i.HAL_NVIC_EnableIRQ  stm32f4xx_hal_cortex.o
    0x08000878   0x08000878   0x0000007c   Code   RO          975    i.HAL_NVIC_SetPriority  stm32f4xx_hal_cortex.o
    0x080008f4   0x080008f4   0x00000028   Code   RO          976    i.HAL_NVIC_SetPriorityGrouping  stm32f4xx_hal_cortex.o
    0x0800091c   0x0800091c   0x00000002   Code   RO         4125    i.HAL_PCDEx_LPM_Callback  stm32f4xx_hal_pcd_ex.o
    0x0800091e   0x0800091e   0x0000000a   Code   RO         4126    i.HAL_PCDEx_SetRxFiFo  stm32f4xx_hal_pcd_ex.o
    0x08000928   0x08000928   0x0000004e   Code   RO         4127    i.HAL_PCDEx_SetTxFiFo  stm32f4xx_hal_pcd_ex.o
    0x08000976   0x08000976   0x0000000e   Code   RO        10482    i.HAL_PCD_ConnectCallback  usbd_conf.o
    0x08000984   0x08000984   0x00000020   Code   RO        10483    i.HAL_PCD_DataInStageCallback  usbd_conf.o
    0x080009a4   0x080009a4   0x00000020   Code   RO        10484    i.HAL_PCD_DataOutStageCallback  usbd_conf.o
    0x080009c4   0x080009c4   0x0000000e   Code   RO        10485    i.HAL_PCD_DisconnectCallback  usbd_conf.o
    0x080009d2   0x080009d2   0x0000006a   Code   RO         3908    i.HAL_PCD_EP_Close  stm32f4xx_hal_pcd.o
    0x08000a3c   0x08000a3c   0x0000007c   Code   RO         3909    i.HAL_PCD_EP_ClrStall  stm32f4xx_hal_pcd.o
    0x08000ab8   0x08000ab8   0x00000044   Code   RO         3910    i.HAL_PCD_EP_Flush  stm32f4xx_hal_pcd.o
    0x08000afc   0x08000afc   0x00000016   Code   RO         3911    i.HAL_PCD_EP_GetRxCount  stm32f4xx_hal_pcd.o
    0x08000b12   0x08000b12   0x0000008c   Code   RO         3912    i.HAL_PCD_EP_Open   stm32f4xx_hal_pcd.o
    0x08000b9e   0x08000b9e   0x00000058   Code   RO         3913    i.HAL_PCD_EP_Receive  stm32f4xx_hal_pcd.o
    0x08000bf6   0x08000bf6   0x0000008a   Code   RO         3914    i.HAL_PCD_EP_SetStall  stm32f4xx_hal_pcd.o
    0x08000c80   0x08000c80   0x0000005a   Code   RO         3915    i.HAL_PCD_EP_Transmit  stm32f4xx_hal_pcd.o
    0x08000cda   0x08000cda   0x0000053e   Code   RO         3917    i.HAL_PCD_IRQHandler  stm32f4xx_hal_pcd.o
    0x08001218   0x08001218   0x00000012   Code   RO        10486    i.HAL_PCD_ISOINIncompleteCallback  usbd_conf.o
    0x0800122a   0x0800122a   0x00000012   Code   RO        10487    i.HAL_PCD_ISOOUTIncompleteCallback  usbd_conf.o
    0x0800123c   0x0800123c   0x00000166   Code   RO         3920    i.HAL_PCD_Init      stm32f4xx_hal_pcd.o
    0x080013a2   0x080013a2   0x00000002   PAD
    0x080013a4   0x080013a4   0x000000a8   Code   RO        10489    i.HAL_PCD_MspInit   usbd_conf.o
    0x0800144c   0x0800144c   0x00000030   Code   RO        10490    i.HAL_PCD_ResetCallback  usbd_conf.o
    0x0800147c   0x0800147c   0x0000000e   Code   RO        10491    i.HAL_PCD_ResumeCallback  usbd_conf.o
    0x0800148a   0x0800148a   0x0000000e   Code   RO        10492    i.HAL_PCD_SOFCallback  usbd_conf.o
    0x08001498   0x08001498   0x00000036   Code   RO         3926    i.HAL_PCD_SetAddress  stm32f4xx_hal_pcd.o
    0x080014ce   0x080014ce   0x00000012   Code   RO        10493    i.HAL_PCD_SetupStageCallback  usbd_conf.o
    0x080014e0   0x080014e0   0x0000004a   Code   RO         3928    i.HAL_PCD_Start     stm32f4xx_hal_pcd.o
    0x0800152a   0x0800152a   0x00000002   PAD
    0x0800152c   0x0800152c   0x00000034   Code   RO        10494    i.HAL_PCD_SuspendCallback  usbd_conf.o
    0x08001560   0x08001560   0x00000180   Code   RO         4359    i.HAL_RCC_ClockConfig  stm32f4xx_hal_rcc.o
    0x080016e0   0x080016e0   0x0000000c   Code   RO         4364    i.HAL_RCC_GetHCLKFreq  stm32f4xx_hal_rcc.o
    0x080016ec   0x080016ec   0x00000020   Code   RO         4366    i.HAL_RCC_GetPCLK1Freq  stm32f4xx_hal_rcc.o
    0x0800170c   0x0800170c   0x00000020   Code   RO         4367    i.HAL_RCC_GetPCLK2Freq  stm32f4xx_hal_rcc.o
    0x0800172c   0x0800172c   0x000000b0   Code   RO         4368    i.HAL_RCC_GetSysClockFreq  stm32f4xx_hal_rcc.o
    0x080017dc   0x080017dc   0x00000448   Code   RO         4371    i.HAL_RCC_OscConfig  stm32f4xx_hal_rcc.o
    0x08001c24   0x08001c24   0x000000a0   Code   RO         5563    i.HAL_SPI_Init      stm32f4xx_hal_spi.o
    0x08001cc4   0x08001cc4   0x00000100   Code   RO         8843    i.HAL_SPI_MspInit   bsp_spi_flash.o
    0x08001dc4   0x08001dc4   0x00000034   Code   RO          980    i.HAL_SYSTICK_Config  stm32f4xx_hal_cortex.o
    0x08001df8   0x08001df8   0x00000072   Code   RO         6978    i.HAL_UART_Init     stm32f4xx_hal_uart.o
    0x08001e6a   0x08001e6a   0x00000002   PAD
    0x08001e6c   0x08001e6c   0x000000b0   Code   RO         8790    i.HAL_UART_MspInit  bsp_debug_usart.o
    0x08001f1c   0x08001f1c   0x000000d6   Code   RO         6986    i.HAL_UART_Transmit  stm32f4xx_hal_uart.o
    0x08001ff2   0x08001ff2   0x00000004   Code   RO         8664    i.HardFault_Handler  stm32f4xx_it.o
    0x08001ff6   0x08001ff6   0x0000003e   Code   RO        10678    i.IntToUnicode      usbd_desc.o
    0x08002034   0x08002034   0x000000a0   Code   RO         8552    i.KEY_Task          main.o
    0x080020d4   0x080020d4   0x000000f4   Code   RO         8759    i.Key_GPIO_Config   bsp_key.o
    0x080021c8   0x080021c8   0x00000028   Code   RO         8760    i.Key_Scan          bsp_key.o
    0x080021f0   0x080021f0   0x000000f4   Code   RO         8732    i.LED_GPIO_Config   bsp_led.o
    0x080022e4   0x080022e4   0x00000098   Code   RO         8553    i.LED_Task          main.o
    0x0800237c   0x0800237c   0x00000048   Code   RO        10226    i.MSC_BOT_Abort     usbd_msc_bot.o
    0x080023c4   0x080023c4   0x000000f8   Code   RO        10227    i.MSC_BOT_CBW_Decode  usbd_msc_bot.o
    0x080024bc   0x080024bc   0x0000003c   Code   RO        10228    i.MSC_BOT_CplClrFeature  usbd_msc_bot.o
    0x080024f8   0x080024f8   0x00000050   Code   RO        10229    i.MSC_BOT_DataIn    usbd_msc_bot.o
    0x08002548   0x08002548   0x00000046   Code   RO        10230    i.MSC_BOT_DataOut   usbd_msc_bot.o
    0x0800258e   0x0800258e   0x0000000a   Code   RO        10231    i.MSC_BOT_DeInit    usbd_msc_bot.o
    0x08002598   0x08002598   0x00000046   Code   RO        10232    i.MSC_BOT_Init      usbd_msc_bot.o
    0x080025de   0x080025de   0x00000022   Code   RO        10233    i.MSC_BOT_Reset     usbd_msc_bot.o
    0x08002600   0x08002600   0x00000040   Code   RO        10234    i.MSC_BOT_SendCSW   usbd_msc_bot.o
    0x08002640   0x08002640   0x0000005a   Code   RO        10235    i.MSC_BOT_SendData  usbd_msc_bot.o
    0x0800269a   0x0800269a   0x00000002   PAD
    0x0800269c   0x0800269c   0x0000004c   Code   RO        10433    i.MX_USB_DEVICE_Init  usb_device.o
    0x080026e8   0x080026e8   0x00000004   Code   RO         8665    i.MemManage_Handler  stm32f4xx_it.o
    0x080026ec   0x080026ec   0x00000002   Code   RO         8666    i.NMI_Handler       stm32f4xx_it.o
    0x080026ee   0x080026ee   0x00000002   PAD
    0x080026f0   0x080026f0   0x00000010   Code   RO         8667    i.OTG_FS_IRQHandler  stm32f4xx_it.o
    0x08002700   0x08002700   0x0000008c   Code   RO         3931    i.PCD_EP_OutSetupPacket_int  stm32f4xx_hal_pcd.o
    0x0800278c   0x0800278c   0x00000180   Code   RO         3932    i.PCD_EP_OutXfrComplete_int  stm32f4xx_hal_pcd.o
    0x0800290c   0x0800290c   0x000000b6   Code   RO         3933    i.PCD_WriteEmptyTxFifo  stm32f4xx_hal_pcd.o
    0x080029c2   0x080029c2   0x00000036   Code   RO        10329    i.SCSI_CheckAddressRange  usbd_msc_scsi.o
    0x080029f8   0x080029f8   0x00000064   Code   RO        10330    i.SCSI_Inquiry      usbd_msc_scsi.o
    0x08002a5c   0x08002a5c   0x0000002c   Code   RO        10331    i.SCSI_ModeSense10  usbd_msc_scsi.o
    0x08002a88   0x08002a88   0x0000002c   Code   RO        10332    i.SCSI_ModeSense6   usbd_msc_scsi.o
    0x08002ab4   0x08002ab4   0x000000ee   Code   RO        10333    i.SCSI_ProcessCmd   usbd_msc_scsi.o
    0x08002ba2   0x08002ba2   0x000000c8   Code   RO        10334    i.SCSI_ProcessRead  usbd_msc_scsi.o
    0x08002c6a   0x08002c6a   0x000000f8   Code   RO        10335    i.SCSI_ProcessWrite  usbd_msc_scsi.o
    0x08002d62   0x08002d62   0x000000e2   Code   RO        10336    i.SCSI_Read10       usbd_msc_scsi.o
    0x08002e44   0x08002e44   0x00000094   Code   RO        10337    i.SCSI_ReadCapacity10  usbd_msc_scsi.o
    0x08002ed8   0x08002ed8   0x0000008a   Code   RO        10338    i.SCSI_ReadFormatCapacity  usbd_msc_scsi.o
    0x08002f62   0x08002f62   0x0000009e   Code   RO        10339    i.SCSI_RequestSense  usbd_msc_scsi.o
    0x08003000   0x08003000   0x0000004e   Code   RO        10340    i.SCSI_SenseCode    usbd_msc_scsi.o
    0x0800304e   0x0800304e   0x00000010   Code   RO        10341    i.SCSI_StartStopUnit  usbd_msc_scsi.o
    0x0800305e   0x0800305e   0x0000005a   Code   RO        10342    i.SCSI_TestUnitReady  usbd_msc_scsi.o
    0x080030b8   0x080030b8   0x00000050   Code   RO        10343    i.SCSI_Verify10     usbd_msc_scsi.o
    0x08003108   0x08003108   0x00000122   Code   RO        10344    i.SCSI_Write10      usbd_msc_scsi.o
    0x0800322a   0x0800322a   0x00000002   PAD
    0x0800322c   0x0800322c   0x00000050   Code   RO         8844    i.SPI_FLASH_BufferRead  bsp_spi_flash.o
    0x0800327c   0x0800327c   0x00000122   Code   RO         8845    i.SPI_FLASH_BufferWrite  bsp_spi_flash.o
    0x0800339e   0x0800339e   0x00000002   PAD
    0x080033a0   0x080033a0   0x00000058   Code   RO         8847    i.SPI_FLASH_Init    bsp_spi_flash.o
    0x080033f8   0x080033f8   0x00000098   Code   RO         8848    i.SPI_FLASH_PageWrite  bsp_spi_flash.o
    0x08003490   0x08003490   0x00000040   Code   RO         8852    i.SPI_FLASH_SectorErase  bsp_spi_flash.o
    0x080034d0   0x080034d0   0x00000078   Code   RO         8853    i.SPI_FLASH_SendByte  bsp_spi_flash.o
    0x08003548   0x08003548   0x00000054   Code   RO         8856    i.SPI_FLASH_WaitForWriteEnd  bsp_spi_flash.o
    0x0800359c   0x0800359c   0x0000001c   Code   RO         8857    i.SPI_FLASH_WriteEnable  bsp_spi_flash.o
    0x080035b8   0x080035b8   0x00000040   Code   RO         8860    i.SPI_TIMEOUT_UserCallback  bsp_spi_flash.o
    0x080035f8   0x080035f8   0x00000012   Code   RO        10754    i.STORAGE_GetCapacity_FS  usbd_storage_if.o
    0x0800360a   0x0800360a   0x00000004   Code   RO        10755    i.STORAGE_GetMaxLun_FS  usbd_storage_if.o
    0x0800360e   0x0800360e   0x00000006   Code   RO        10756    i.STORAGE_Init_FS   usbd_storage_if.o
    0x08003614   0x08003614   0x00000006   Code   RO        10757    i.STORAGE_IsReady_FS  usbd_storage_if.o
    0x0800361a   0x0800361a   0x00000006   Code   RO        10758    i.STORAGE_IsWriteProtected_FS  usbd_storage_if.o
    0x08003620   0x08003620   0x00000026   Code   RO        10759    i.STORAGE_Read_FS   usbd_storage_if.o
    0x08003646   0x08003646   0x0000002e   Code   RO        10760    i.STORAGE_Write_FS  usbd_storage_if.o
    0x08003674   0x08003674   0x00000014   Code   RO         8668    i.SysTick_Handler   stm32f4xx_it.o
    0x08003688   0x08003688   0x000000c0   Code   RO         8973    i.SystemClock_Config  board_init.o
    0x08003748   0x08003748   0x00000064   Code   RO           14    i.SystemInit        system_stm32f4xx.o
    0x080037ac   0x080037ac   0x00000368   Code   RO         7005    i.UART_SetConfig    stm32f4xx_hal_uart.o
    0x08003b14   0x08003b14   0x0000006c   Code   RO         7007    i.UART_WaitOnFlagUntilTimeout  stm32f4xx_hal_uart.o
    0x08003b80   0x08003b80   0x00000016   Code   RO         9805    i.USBD_ClrClassConfig  usbd_core.o
    0x08003b96   0x08003b96   0x0000003e   Code   RO         9968    i.USBD_ClrFeature   usbd_ctlreq.o
    0x08003bd4   0x08003bd4   0x00000018   Code   RO        10072    i.USBD_CtlContinueRx  usbd_ioreq.o
    0x08003bec   0x08003bec   0x00000018   Code   RO        10073    i.USBD_CtlContinueSendData  usbd_ioreq.o
    0x08003c04   0x08003c04   0x00000018   Code   RO         9969    i.USBD_CtlError     usbd_ctlreq.o
    0x08003c1c   0x08003c1c   0x0000001a   Code   RO        10075    i.USBD_CtlReceiveStatus  usbd_ioreq.o
    0x08003c36   0x08003c36   0x00000022   Code   RO        10076    i.USBD_CtlSendData  usbd_ioreq.o
    0x08003c58   0x08003c58   0x0000001a   Code   RO        10077    i.USBD_CtlSendStatus  usbd_ioreq.o
    0x08003c72   0x08003c72   0x00000002   PAD
    0x08003c74   0x08003c74   0x00000034   Code   RO        10679    i.USBD_FS_ConfigStrDescriptor  usbd_desc.o
    0x08003ca8   0x08003ca8   0x00000010   Code   RO        10680    i.USBD_FS_DeviceDescriptor  usbd_desc.o
    0x08003cb8   0x08003cb8   0x00000038   Code   RO        10681    i.USBD_FS_InterfaceStrDescriptor  usbd_desc.o
    0x08003cf0   0x08003cf0   0x00000010   Code   RO        10682    i.USBD_FS_LangIDStrDescriptor  usbd_desc.o
    0x08003d00   0x08003d00   0x0000002c   Code   RO        10683    i.USBD_FS_ManufacturerStrDescriptor  usbd_desc.o
    0x08003d2c   0x08003d2c   0x0000003c   Code   RO        10684    i.USBD_FS_ProductStrDescriptor  usbd_desc.o
    0x08003d68   0x08003d68   0x00000018   Code   RO        10685    i.USBD_FS_SerialStrDescriptor  usbd_desc.o
    0x08003d80   0x08003d80   0x00000056   Code   RO         9970    i.USBD_GetConfig    usbd_ctlreq.o
    0x08003dd6   0x08003dd6   0x00000152   Code   RO         9971    i.USBD_GetDescriptor  usbd_ctlreq.o
    0x08003f28   0x08003f28   0x00000014   Code   RO         9972    i.USBD_GetLen       usbd_ctlreq.o
    0x08003f3c   0x08003f3c   0x0000005a   Code   RO         9973    i.USBD_GetStatus    usbd_ctlreq.o
    0x08003f96   0x08003f96   0x00000052   Code   RO         9974    i.USBD_GetString    usbd_ctlreq.o
    0x08003fe8   0x08003fe8   0x0000002c   Code   RO        10495    i.USBD_Get_USB_Status  usbd_conf.o
    0x08004014   0x08004014   0x00000068   Code   RO         9807    i.USBD_Init         usbd_core.o
    0x0800407c   0x0800407c   0x00000026   Code   RO        10496    i.USBD_LL_ClearStallEP  usbd_conf.o
    0x080040a2   0x080040a2   0x00000026   Code   RO        10497    i.USBD_LL_CloseEP   usbd_conf.o
    0x080040c8   0x080040c8   0x00000100   Code   RO         9808    i.USBD_LL_DataInStage  usbd_core.o
    0x080041c8   0x080041c8   0x000000a6   Code   RO         9809    i.USBD_LL_DataOutStage  usbd_core.o
    0x0800426e   0x0800426e   0x00000006   Code   RO         9810    i.USBD_LL_DevConnected  usbd_core.o
    0x08004274   0x08004274   0x0000001a   Code   RO         9811    i.USBD_LL_DevDisconnected  usbd_core.o
    0x0800428e   0x0800428e   0x00000026   Code   RO        10500    i.USBD_LL_FlushEP   usbd_conf.o
    0x080042b4   0x080042b4   0x00000012   Code   RO        10501    i.USBD_LL_GetRxDataSize  usbd_conf.o
    0x080042c6   0x080042c6   0x00000002   PAD
    0x080042c8   0x080042c8   0x00000068   Code   RO        10502    i.USBD_LL_Init      usbd_conf.o
    0x08004330   0x08004330   0x00000038   Code   RO        10503    i.USBD_LL_IsStallEP  usbd_conf.o
    0x08004368   0x08004368   0x00000006   Code   RO         9812    i.USBD_LL_IsoINIncomplete  usbd_core.o
    0x0800436e   0x0800436e   0x00000006   Code   RO         9813    i.USBD_LL_IsoOUTIncomplete  usbd_core.o
    0x08004374   0x08004374   0x00000030   Code   RO        10504    i.USBD_LL_OpenEP    usbd_conf.o
    0x080043a4   0x080043a4   0x00000030   Code   RO        10505    i.USBD_LL_PrepareReceive  usbd_conf.o
    0x080043d4   0x080043d4   0x0000005c   Code   RO         9814    i.USBD_LL_Reset     usbd_core.o
    0x08004430   0x08004430   0x0000000e   Code   RO         9815    i.USBD_LL_Resume    usbd_core.o
    0x0800443e   0x0800443e   0x00000022   Code   RO         9816    i.USBD_LL_SOF       usbd_core.o
    0x08004460   0x08004460   0x00000008   Code   RO         9817    i.USBD_LL_SetSpeed  usbd_core.o
    0x08004468   0x08004468   0x00000026   Code   RO        10506    i.USBD_LL_SetUSBAddress  usbd_conf.o
    0x0800448e   0x0800448e   0x0000006e   Code   RO         9818    i.USBD_LL_SetupStage  usbd_core.o
    0x080044fc   0x080044fc   0x00000026   Code   RO        10507    i.USBD_LL_StallEP   usbd_conf.o
    0x08004522   0x08004522   0x0000001e   Code   RO        10508    i.USBD_LL_Start     usbd_conf.o
    0x08004540   0x08004540   0x00000014   Code   RO         9819    i.USBD_LL_Suspend   usbd_core.o
    0x08004554   0x08004554   0x00000030   Code   RO        10510    i.USBD_LL_Transmit  usbd_conf.o
    0x08004584   0x08004584   0x00000012   Code   RO        10135    i.USBD_MSC_DataIn   usbd_msc.o
    0x08004596   0x08004596   0x00000012   Code   RO        10136    i.USBD_MSC_DataOut  usbd_msc.o
    0x080045a8   0x080045a8   0x0000003e   Code   RO        10137    i.USBD_MSC_DeInit   usbd_msc.o
    0x080045e6   0x080045e6   0x00000002   PAD
    0x080045e8   0x080045e8   0x00000010   Code   RO        10138    i.USBD_MSC_GetDeviceQualifierDescriptor  usbd_msc.o
    0x080045f8   0x080045f8   0x00000010   Code   RO        10139    i.USBD_MSC_GetFSCfgDesc  usbd_msc.o
    0x08004608   0x08004608   0x00000010   Code   RO        10140    i.USBD_MSC_GetHSCfgDesc  usbd_msc.o
    0x08004618   0x08004618   0x00000010   Code   RO        10141    i.USBD_MSC_GetOtherSpeedCfgDesc  usbd_msc.o
    0x08004628   0x08004628   0x00000072   Code   RO        10142    i.USBD_MSC_Init     usbd_msc.o
    0x0800469a   0x0800469a   0x0000000c   Code   RO        10143    i.USBD_MSC_RegisterStorage  usbd_msc.o
    0x080046a6   0x080046a6   0x000001c4   Code   RO        10144    i.USBD_MSC_Setup    usbd_msc.o
    0x0800486a   0x0800486a   0x00000028   Code   RO         9975    i.USBD_ParseSetupRequest  usbd_ctlreq.o
    0x08004892   0x08004892   0x00000002   PAD
    0x08004894   0x08004894   0x0000004c   Code   RO         9820    i.USBD_RegisterClass  usbd_core.o
    0x080048e0   0x080048e0   0x00000006   Code   RO         9821    i.USBD_RunTestMode  usbd_core.o
    0x080048e6   0x080048e6   0x0000005a   Code   RO         9976    i.USBD_SetAddress   usbd_ctlreq.o
    0x08004940   0x08004940   0x00000022   Code   RO         9822    i.USBD_SetClassConfig  usbd_core.o
    0x08004962   0x08004962   0x00000002   PAD
    0x08004964   0x08004964   0x000000e8   Code   RO         9977    i.USBD_SetConfig    usbd_ctlreq.o
    0x08004a4c   0x08004a4c   0x00000018   Code   RO         9978    i.USBD_SetFeature   usbd_ctlreq.o
    0x08004a64   0x08004a64   0x0000000e   Code   RO         9823    i.USBD_Start        usbd_core.o
    0x08004a72   0x08004a72   0x000000a2   Code   RO         9979    i.USBD_StdDevReq    usbd_ctlreq.o
    0x08004b14   0x08004b14   0x00000238   Code   RO         9980    i.USBD_StdEPReq     usbd_ctlreq.o
    0x08004d4c   0x08004d4c   0x0000007e   Code   RO         9981    i.USBD_StdItfReq    usbd_ctlreq.o
    0x08004dca   0x08004dca   0x00000002   PAD
    0x08004dcc   0x08004dcc   0x000000d0   Code   RO         8001    i.USB_ActivateEndpoint  stm32f4xx_ll_usb.o
    0x08004e9c   0x08004e9c   0x00000046   Code   RO         8003    i.USB_ActivateSetup  stm32f4xx_ll_usb.o
    0x08004ee2   0x08004ee2   0x00000002   PAD
    0x08004ee4   0x08004ee4   0x00000084   Code   RO         8005    i.USB_CoreInit      stm32f4xx_ll_usb.o
    0x08004f68   0x08004f68   0x0000004c   Code   RO         8006    i.USB_CoreReset     stm32f4xx_ll_usb.o
    0x08004fb4   0x08004fb4   0x000000c4   Code   RO         8009    i.USB_DeactivateEndpoint  stm32f4xx_ll_usb.o
    0x08005078   0x08005078   0x00000020   Code   RO         8010    i.USB_DevConnect    stm32f4xx_ll_usb.o
    0x08005098   0x08005098   0x00000020   Code   RO         8011    i.USB_DevDisconnect  stm32f4xx_ll_usb.o
    0x080050b8   0x080050b8   0x000001f4   Code   RO         8012    i.USB_DevInit       stm32f4xx_ll_usb.o
    0x080052ac   0x080052ac   0x0000000e   Code   RO         8013    i.USB_DisableGlobalInt  stm32f4xx_ll_usb.o
    0x080052ba   0x080052ba   0x00000002   PAD
    0x080052bc   0x080052bc   0x000001d8   Code   RO         8016    i.USB_EP0StartXfer  stm32f4xx_ll_usb.o
    0x08005494   0x08005494   0x00000070   Code   RO         8017    i.USB_EP0_OutStart  stm32f4xx_ll_usb.o
    0x08005504   0x08005504   0x0000008e   Code   RO         8018    i.USB_EPClearStall  stm32f4xx_ll_usb.o
    0x08005592   0x08005592   0x0000009a   Code   RO         8019    i.USB_EPSetStall    stm32f4xx_ll_usb.o
    0x0800562c   0x0800562c   0x00000344   Code   RO         8020    i.USB_EPStartXfer   stm32f4xx_ll_usb.o
    0x08005970   0x08005970   0x0000000e   Code   RO         8021    i.USB_EnableGlobalInt  stm32f4xx_ll_usb.o
    0x0800597e   0x0800597e   0x00000002   PAD
    0x08005980   0x08005980   0x0000002c   Code   RO         8022    i.USB_FlushRxFifo   stm32f4xx_ll_usb.o
    0x080059ac   0x080059ac   0x00000030   Code   RO         8023    i.USB_FlushTxFifo   stm32f4xx_ll_usb.o
    0x080059dc   0x080059dc   0x00000026   Code   RO         8025    i.USB_GetDevSpeed   stm32f4xx_ll_usb.o
    0x08005a02   0x08005a02   0x0000000a   Code   RO         8027    i.USB_GetMode       stm32f4xx_ll_usb.o
    0x08005a0c   0x08005a0c   0x00000014   Code   RO         8034    i.USB_ReadDevAllInEpInterrupt  stm32f4xx_ll_usb.o
    0x08005a20   0x08005a20   0x00000014   Code   RO         8035    i.USB_ReadDevAllOutEpInterrupt  stm32f4xx_ll_usb.o
    0x08005a34   0x08005a34   0x00000032   Code   RO         8036    i.USB_ReadDevInEPInterrupt  stm32f4xx_ll_usb.o
    0x08005a66   0x08005a66   0x0000001a   Code   RO         8037    i.USB_ReadDevOutEPInterrupt  stm32f4xx_ll_usb.o
    0x08005a80   0x08005a80   0x0000000a   Code   RO         8038    i.USB_ReadInterrupts  stm32f4xx_ll_usb.o
    0x08005a8a   0x08005a8a   0x00000022   Code   RO         8039    i.USB_ReadPacket    stm32f4xx_ll_usb.o
    0x08005aac   0x08005aac   0x00000036   Code   RO         8041    i.USB_SetCurrentMode  stm32f4xx_ll_usb.o
    0x08005ae2   0x08005ae2   0x0000002a   Code   RO         8042    i.USB_SetDevAddress  stm32f4xx_ll_usb.o
    0x08005b0c   0x08005b0c   0x00000012   Code   RO         8043    i.USB_SetDevSpeed   stm32f4xx_ll_usb.o
    0x08005b1e   0x08005b1e   0x00000002   PAD
    0x08005b20   0x08005b20   0x000000e8   Code   RO         8044    i.USB_SetTurnaroundTime  stm32f4xx_ll_usb.o
    0x08005c08   0x08005c08   0x0000003c   Code   RO         8047    i.USB_WritePacket   stm32f4xx_ll_usb.o
    0x08005c44   0x08005c44   0x00000004   Code   RO         8669    i.UsageFault_Handler  stm32f4xx_it.o
    0x08005c48   0x08005c48   0x00000020   Code   RO        10919    i.__0printf$3       mc_w.l(printf3.o)
    0x08005c68   0x08005c68   0x00000010   Code   RO          982    i.__NVIC_GetPriorityGrouping  stm32f4xx_hal_cortex.o
    0x08005c78   0x08005c78   0x00000028   Code   RO          983    i.__NVIC_SetPriority  stm32f4xx_hal_cortex.o
    0x08005ca0   0x08005ca0   0x0000000e   Code   RO        11161    i.__scatterload_copy  mc_w.l(handlers.o)
    0x08005cae   0x08005cae   0x00000002   Code   RO        11162    i.__scatterload_null  mc_w.l(handlers.o)
    0x08005cb0   0x08005cb0   0x0000000e   Code   RO        11163    i.__scatterload_zeroinit  mc_w.l(handlers.o)
    0x08005cbe   0x08005cbe   0x00000002   PAD
    0x08005cc0   0x08005cc0   0x000001b8   Code   RO        10926    i._printf_core      mc_w.l(printf3.o)
    0x08005e78   0x08005e78   0x0000001c   Code   RO         8793    i.fputc             bsp_debug_usart.o
    0x08005e94   0x08005e94   0x00000050   Code   RO        11091    i.free              mc_w.l(malloc.o)
    0x08005ee4   0x08005ee4   0x0000004c   Code   RO         8554    i.main              main.o
    0x08005f30   0x08005f30   0x0000006c   Code   RO        11092    i.malloc            mc_w.l(malloc.o)
    0x08005f9c   0x08005f9c   0x00000098   Code   RO         9341    i.prvAddCurrentTaskToDelayedList  tasks.o
    0x08006034   0x08006034   0x000000b4   Code   RO         9342    i.prvAddNewTaskToReadyList  tasks.o
    0x080060e8   0x080060e8   0x00000064   Code   RO         9343    i.prvCheckTasksWaitingTermination  tasks.o
    0x0800614c   0x0800614c   0x00000012   Code   RO         9344    i.prvDeleteTCB      tasks.o
    0x0800615e   0x0800615e   0x00000002   PAD
    0x08006160   0x08006160   0x0000007c   Code   RO         9655    i.prvHeapInit       heap_4.o
    0x080061dc   0x080061dc   0x00000028   Code   RO         9345    i.prvIdleTask       tasks.o
    0x08006204   0x08006204   0x000000c4   Code   RO         9346    i.prvInitialiseNewTask  tasks.o
    0x080062c8   0x080062c8   0x00000068   Code   RO         9347    i.prvInitialiseTaskLists  tasks.o
    0x08006330   0x08006330   0x00000068   Code   RO         9656    i.prvInsertBlockIntoFreeList  heap_4.o
    0x08006398   0x08006398   0x00000034   Code   RO         9348    i.prvResetNextTaskUnblockTime  tasks.o
    0x080063cc   0x080063cc   0x00000070   Code   RO         9717    i.prvTaskExitError  port.o
    0x0800643c   0x0800643c   0x00000078   Code   RO         9349    i.prvTaskIsTaskSuspended  tasks.o
    0x080064b4   0x080064b4   0x00000150   Code   RO         9657    i.pvPortMalloc      heap_4.o
    0x08006604   0x08006604   0x0000002c   Code   RO         9718    i.pxPortInitialiseStack  port.o
    0x08006630   0x08006630   0x00000028   Code   RO         9132    i.uxListRemove      list.o
    0x08006658   0x08006658   0x0000001a   Code   RO         9133    i.vListInitialise   list.o
    0x08006672   0x08006672   0x00000006   Code   RO         9134    i.vListInitialiseItem  list.o
    0x08006678   0x08006678   0x00000034   Code   RO         9135    i.vListInsert       list.o
    0x080066ac   0x080066ac   0x00000018   Code   RO         9136    i.vListInsertEnd    list.o
    0x080066c4   0x080066c4   0x00000084   Code   RO         9720    i.vPortEnterCritical  port.o
    0x08006748   0x08006748   0x0000006c   Code   RO         9721    i.vPortExitCritical  port.o
    0x080067b4   0x080067b4   0x000000b4   Code   RO         9658    i.vPortFree         heap_4.o
    0x08006868   0x08006868   0x00000020   Code   RO         9722    i.vPortSetupTimerInterrupt  port.o
    0x08006888   0x08006888   0x00000078   Code   RO         9355    i.vTaskDelay        tasks.o
    0x08006900   0x08006900   0x00000110   Code   RO         9357    i.vTaskDelete       tasks.o
    0x08006a10   0x08006a10   0x000000b0   Code   RO         9364    i.vTaskResume       tasks.o
    0x08006ac0   0x08006ac0   0x000000a8   Code   RO         9366    i.vTaskStartScheduler  tasks.o
    0x08006b68   0x08006b68   0x00000104   Code   RO         9367    i.vTaskSuspend      tasks.o
    0x08006c6c   0x08006c6c   0x00000010   Code   RO         9368    i.vTaskSuspendAll   tasks.o
    0x08006c7c   0x08006c7c   0x000000ac   Code   RO         9369    i.vTaskSwitchContext  tasks.o
    0x08006d28   0x08006d28   0x00000158   Code   RO         9724    i.xPortStartScheduler  port.o
    0x08006e80   0x08006e80   0x00000034   Code   RO         9725    i.xPortSysTickHandler  port.o
    0x08006eb4   0x08006eb4   0x00000060   Code   RO         9371    i.xTaskCreate       tasks.o
    0x08006f14   0x08006f14   0x00000020   Code   RO         9374    i.xTaskGetSchedulerState  tasks.o
    0x08006f34   0x08006f34   0x00000164   Code   RO         9377    i.xTaskIncrementTick  tasks.o
    0x08007098   0x08007098   0x00000124   Code   RO         9382    i.xTaskResumeAll    tasks.o
    0x080071bc   0x080071bc   0x00000018   Data   RO           15    .constdata          system_stm32f4xx.o
    0x080071d4   0x080071d4   0x0000000e   Data   RO         8974    .constdata          board_init.o
    0x080071e2   0x080071e2   0x00000017   Data   RO        10305    .constdata          usbd_msc_data.o
    0x080071f9   0x080071f9   0x00000024   Data   RO        10761    .constdata          usbd_storage_if.o
    0x0800721d   0x0800721d   0x00000003   PAD
    0x08007220   0x08007220   0x00000046   Data   RO         8555    .conststring        main.o
    0x08007266   0x08007266   0x00000002   PAD
    0x08007268   0x08007268   0x00000020   Data   RO        11159    Region$$Table       anon$$obj.o


    Execution Region RW_IRAM1 (Exec base: 0x20000000, Load base: 0x08007288, Size: 0x0000ddc8, Max: 0x00020000, ABSOLUTE, COMPRESSED[0x000000ac])

    Exec Addr    Load Addr    Size         Type   Attr      Idx    E Section Name        Object

    0x20000000   COMPRESSED   0x00000004   Data   RW           16    .data               system_stm32f4xx.o
    0x20000004   COMPRESSED   0x00000009   Data   RW          277    .data               stm32f4xx_hal.o
    0x2000000d   COMPRESSED   0x00000003   PAD
    0x20000010   COMPRESSED   0x0000000c   Data   RW         8556    .data               main.o
    0x2000001c   COMPRESSED   0x00000004   Data   RW         8862    .data               bsp_spi_flash.o
    0x20000020   COMPRESSED   0x0000003c   Data   RW         9385    .data               tasks.o
    0x2000005c   COMPRESSED   0x00000018   Data   RW         9663    .data               heap_4.o
    0x20000074   COMPRESSED   0x0000000c   Data   RW         9726    .data               port.o
    0x20000080   COMPRESSED   0x00000001   Data   RW         9982    .data               usbd_ctlreq.o
    0x20000081   COMPRESSED   0x00000003   PAD
    0x20000084   COMPRESSED   0x000000a2   Data   RW        10145    .data               usbd_msc.o
    0x20000126   COMPRESSED   0x00000002   PAD
    0x20000128   COMPRESSED   0x0000004e   Data   RW        10687    .data               usbd_desc.o
    0x20000176   COMPRESSED   0x00000002   PAD
    0x20000178   COMPRESSED   0x00000020   Data   RW        10762    .data               usbd_storage_if.o
    0x20000198   COMPRESSED   0x00000004   Data   RW        11133    .data               mc_w.l(stdout.o)
    0x2000019c   COMPRESSED   0x00000004   Data   RW        11140    .data               mc_w.l(mvars.o)
    0x200001a0   COMPRESSED   0x00000004   Data   RW        11141    .data               mc_w.l(mvars.o)
    0x200001a4        -       0x00000040   Zero   RW         8794    .bss                bsp_debug_usart.o
    0x200001e4        -       0x00000058   Zero   RW         8861    .bss                bsp_spi_flash.o
    0x2000023c        -       0x000002e4   Zero   RW         9384    .bss                tasks.o
    0x20000520        -       0x00009000   Zero   RW         9662    .bss                heap_4.o
    0x20009520        -       0x0000029c   Zero   RW        10434    .bss                usb_device.o
    0x200097bc        -       0x00000408   Zero   RW        10511    .bss                usbd_conf.o
    0x20009bc4        -       0x00000200   Zero   RW        10686    .bss                usbd_desc.o
    0x20009dc4   COMPRESSED   0x00000004   PAD
    0x20009dc8        -       0x00002000   Zero   RW            2    HEAP                startup_stm32f407xx.o
    0x2000bdc8        -       0x00002000   Zero   RW            1    STACK               startup_stm32f407xx.o


==============================================================================

Image component sizes


      Code (inc. data)   RO Data    RW Data    ZI Data      Debug   Object Name

       212         20         14          0          0       1833   board_init.o
       264         22          0          0         64       2969   bsp_debug_usart.o
       284         16          0          0          0       2029   bsp_key.o
       244         20          0          0          0       1242   bsp_led.o
      1226        156          0          4         88       8657   bsp_spi_flash.o
         0          0          0          0          0       1468   event_groups.o
       744        168          0         24      36864       4503   heap_4.o
       148          0          0          0          0       3842   list.o
       658        320         70         12          0      20075   main.o
      1006        306          0         12          0      11144   port.o
        36          8        392          0      16384       1048   startup_stm32f407xx.o
       164         34          0          9          0       5297   stm32f4xx_hal.o
       304         22          0          0          0      35231   stm32f4xx_hal_cortex.o
       528         46          0          0          0       2655   stm32f4xx_hal_gpio.o
      3310         18          0          0          0      15412   stm32f4xx_hal_pcd.o
        90          0          0          0          0       2881   stm32f4xx_hal_pcd_ex.o
      1732         84          0          0          0       6312   stm32f4xx_hal_rcc.o
       160          0          0          0          0       1403   stm32f4xx_hal_spi.o
      1308          8          0          0          0       4256   stm32f4xx_hal_uart.o
        56          6          0          0          0       4587   stm32f4xx_it.o
      3696        112          0          0          0      26074   stm32f4xx_ll_usb.o
       100         18         24          4          0     677331   system_stm32f4xx.o
      2922        780          0         60        740      27645   tasks.o
        76         16          0          0        668        988   usb_device.o
      1028         18          0          0       1032      19766   usbd_conf.o
      1000         72          0          0          0      19317   usbd_core.o
      1944         28          0          1          0      17076   usbd_ctlreq.o
       382        118          0         78        512       8013   usbd_desc.o
       134          0          0          0          0       4464   usbd_ioreq.o
       740         24          0        162          0      14738   usbd_msc.o
       798         10          0          0          0      10112   usbd_msc_bot.o
         0          0         23          0          0       1029   usbd_msc_data.o
      2152         14          0          0          0      15319   usbd_msc_scsi.o
       124          0         36         32          0       7442   usbd_storage_if.o

    ----------------------------------------------------------------------
     27612       2464        596        408      56356     986158   Object Totals
         0          0         32          0          0          0   (incl. Generated)
        42          0          5         10          4          0   (incl. Padding)

    ----------------------------------------------------------------------

      Code (inc. data)   RO Data    RW Data    ZI Data      Debug   Library Member Name

        86          0          0          0          0          0   __dczerorl2.o
         0          0          0          0          0          0   entry.o
         0          0          0          0          0          0   entry10a.o
         0          0          0          0          0          0   entry11a.o
         8          4          0          0          0          0   entry2.o
         4          0          0          0          0          0   entry5.o
         0          0          0          0          0          0   entry7b.o
         0          0          0          0          0          0   entry8b.o
         8          4          0          0          0          0   entry9a.o
        30          0          0          0          0          0   handlers.o
        36          8          0          0          0         68   init.o
        30          0          0          0          0         68   llshl.o
        32          0          0          0          0         68   llushr.o
       188         20          0          0          0        160   malloc.o
        36          0          0          0          0         68   memcpya.o
        36          0          0          0          0        108   memseta.o
         0          0          0          8          0          0   mvars.o
       472         14          0          0          0        184   printf3.o
         0          0          0          4          0          0   stdout.o
        44          0          0          0          0         80   uidiv.o
        98          0          0          0          0         92   uldiv.o

    ----------------------------------------------------------------------
      1112         50          0         12          0        896   Library Totals
         4          0          0          0          0          0   (incl. Padding)

    ----------------------------------------------------------------------

      Code (inc. data)   RO Data    RW Data    ZI Data      Debug   Library Name

      1108         50          0         12          0        896   mc_w.l

    ----------------------------------------------------------------------
      1112         50          0         12          0        896   Library Totals

    ----------------------------------------------------------------------

==============================================================================


      Code (inc. data)   RO Data    RW Data    ZI Data      Debug   

     28724       2514        596        420      56356     961922   Grand Totals
     28724       2514        596        172      56356     961922   ELF Image Totals (compressed)
     28724       2514        596        172          0          0   ROM Totals

==============================================================================

    Total RO  Size (Code + RO Data)                29320 (  28.63kB)
    Total RW  Size (RW Data + ZI Data)             56776 (  55.45kB)
    Total ROM Size (Code + RO Data + RW Data)      29492 (  28.80kB)

==============================================================================

